Component: ARM Compiler 5.06 update 6 (build 750) Tool: armlink [4d35ed]

==============================================================================

Section Cross References

    startup_stm32f407xx.o(RESET) refers to startup_stm32f407xx.o(STACK) for __initial_sp
    startup_stm32f407xx.o(RESET) refers to startup_stm32f407xx.o(.text) for Reset_Handler
    startup_stm32f407xx.o(RESET) refers to stm32f4xx_it.o(i.NMI_Handler) for NMI_Handler
    startup_stm32f407xx.o(RESET) refers to stm32f4xx_it.o(i.HardFault_Handler) for HardFault_Handler
    startup_stm32f407xx.o(RESET) refers to stm32f4xx_it.o(i.MemManage_Handler) for MemManage_Handler
    startup_stm32f407xx.o(RESET) refers to stm32f4xx_it.o(i.BusFault_Handler) for BusFault_Handler
    startup_stm32f407xx.o(RESET) refers to stm32f4xx_it.o(i.UsageFault_Handler) for UsageFault_Handler
    startup_stm32f407xx.o(RESET) refers to stm32f4xx_it.o(i.SVC_Handler) for SVC_Handler
    startup_stm32f407xx.o(RESET) refers to stm32f4xx_it.o(i.DebugMon_Handler) for DebugMon_Handler
    startup_stm32f407xx.o(RESET) refers to stm32f4xx_it.o(i.PendSV_Handler) for PendSV_Handler
    startup_stm32f407xx.o(RESET) refers to stm32f4xx_it.o(i.SysTick_Handler) for SysTick_Handler
    startup_stm32f407xx.o(RESET) refers to stm32f4xx_it.o(i.TIM2_IRQHandler) for TIM2_IRQHandler
    startup_stm32f407xx.o(RESET) refers to stm32f4xx_it.o(i.USART6_IRQHandler) for USART6_IRQHandler
    startup_stm32f407xx.o(.text) refers to system_stm32f4xx.o(i.SystemInit) for SystemInit
    startup_stm32f407xx.o(.text) refers to entry.o(.ARM.Collect$$$$00000000) for __main
    net.o(i.UART6_RxCpltCallback) refers to stm32f4xx_hal_uart.o(i.HAL_UART_Receive_IT) for HAL_UART_Receive_IT
    net.o(i.UART6_RxCpltCallback) refers to net.o(i.string_parse) for string_parse
    net.o(i.UART6_RxCpltCallback) refers to net.o(.bss) for .bss
    net.o(i.UART6_RxCpltCallback) refers to main.o(.bss) for huart6
    net.o(i.ip_extract) refers to strchr.o(.text) for strchr
    net.o(i.ip_extract) refers to strncpy.o(.text) for strncpy
    net.o(i.ip_extract) refers to atoi.o(.text) for atoi
    net.o(i.net_cmd) refers to net.o(i.ip_extract) for ip_extract
    net.o(i.net_cmd) refers to net.o(i.port_extract) for port_extract
    net.o(i.net_cmd) refers to net.o(i.tcp_client_connect) for tcp_client_connect
    net.o(i.net_cmd) refers to printf3.o(i.__0sprintf$3) for __2sprintf
    net.o(i.net_cmd) refers to strlen.o(.text) for strlen
    net.o(i.net_cmd) refers to stm32f4xx_hal_uart.o(i.HAL_UART_Transmit) for HAL_UART_Transmit
    net.o(i.net_cmd) refers to stm32f4xx_hal_gpio.o(i.HAL_GPIO_WritePin) for HAL_GPIO_WritePin
    net.o(i.net_cmd) refers to memcmp.o(.text) for memcmp
    net.o(i.net_cmd) refers to tcp.o(i.tcp_recv) for tcp_recv
    net.o(i.net_cmd) refers to tcp.o(i.tcp_sent) for tcp_sent
    net.o(i.net_cmd) refers to tcp.o(i.tcp_poll) for tcp_poll
    net.o(i.net_cmd) refers to tcp.o(i.tcp_close) for tcp_close
    net.o(i.net_cmd) refers to net.o(.bss) for .bss
    net.o(i.net_cmd) refers to net.o(.data) for .data
    net.o(i.net_cmd) refers to main.o(.bss) for huart6
    net.o(i.net_ini) refers to net.o(.bss) for .bss
    net.o(i.port_extract) refers to strchr.o(.text) for strchr
    net.o(i.port_extract) refers to atoi.o(.text) for atoi
    net.o(i.sendstring) refers to tcp.o(i.tcp_sent) for tcp_sent
    net.o(i.sendstring) refers to strlen.o(.text) for strlen
    net.o(i.sendstring) refers to tcp_out.o(i.tcp_write) for tcp_write
    net.o(i.sendstring) refers to tcp_out.o(i.tcp_output) for tcp_output
    net.o(i.sendstring) refers to net.o(i.tcp_client_sent) for tcp_client_sent
    net.o(i.sendstring) refers to net.o(.data) for .data
    net.o(i.sendstring) refers to net.o(.bss) for .bss
    net.o(i.string_parse) refers to strlen.o(.text) for strlen
    net.o(i.string_parse) refers to stm32f4xx_hal_uart.o(i.HAL_UART_Transmit) for HAL_UART_Transmit
    net.o(i.string_parse) refers to strncmp.o(.text) for strncmp
    net.o(i.string_parse) refers to net.o(i.sendstring) for sendstring
    net.o(i.string_parse) refers to stm32f4xx_hal_gpio.o(i.HAL_GPIO_WritePin) for HAL_GPIO_WritePin
    net.o(i.string_parse) refers to net.o(i.net_cmd) for net_cmd
    net.o(i.string_parse) refers to main.o(.bss) for huart6
    net.o(i.string_parse) refers to net.o(.bss) for .bss
    net.o(i.tcp_client_connect) refers to tcp.o(i.tcp_new) for tcp_new
    net.o(i.tcp_client_connect) refers to tcp.o(i.tcp_connect) for tcp_connect
    net.o(i.tcp_client_connect) refers to stm32f4xx_hal_gpio.o(i.HAL_GPIO_WritePin) for HAL_GPIO_WritePin
    net.o(i.tcp_client_connect) refers to net.o(.data) for .data
    net.o(i.tcp_client_connect) refers to net.o(i.tcp_client_connected) for tcp_client_connected
    net.o(i.tcp_client_connected) refers to net.o(i.tcp_client_connection_close) for tcp_client_connection_close
    net.o(i.tcp_client_connected) refers to mem.o(i.mem_malloc) for mem_malloc
[...]
    recv_data                                0x200000a4   Data           4  tcp_in.o(.data)
    .data                                    0x200000ac   Section       12  timeouts.o(.data)
    next_timeout                             0x200000ac   Data           4  timeouts.o(.data)
    current_timeout_due_time                 0x200000b0   Data           4  timeouts.o(.data)
    tcpip_tcp_timer_active                   0x200000b4   Data           4  timeouts.o(.data)
    .data                                    0x200000b8   Section        8  udp.o(.data)
    udp_port                                 0x200000b8   Data           2  udp.o(.data)
    .data                                    0x200000c0   Section       20  dhcp.o(.data)
    dhcp_pcb_refcount                        0x200000c0   Data           1  dhcp.o(.data)
    dhcp_discover_request_options            0x200000c1   Data           3  dhcp.o(.data)
    xid                                      0x200000c4   Data           4  dhcp.o(.data)
    dhcp_pcb                                 0x200000c8   Data           4  dhcp.o(.data)
    .data                                    0x200000d4   Section        1  etharp.o(.data)
    etharp_cached_entry                      0x200000d4   Data           1  etharp.o(.data)
    .data                                    0x200000d6   Section        2  ip4.o(.data)
    ip_id                                    0x200000d6   Data           2  ip4.o(.data)
    .data                                    0x200000d8   Section        8  ip4_frag.o(.data)
    ip_reass_pbufcount                       0x200000d8   Data           2  ip4_frag.o(.data)
    reassdatagrams                           0x200000dc   Data           4  ip4_frag.o(.data)
    .data                                    0x200000e0   Section        4  rand.o(.data)
    _rand_state                              0x200000e0   Data           4  rand.o(.data)
    .data                                    0x200000e4   Section        4  stdout.o(.data)
    .data                                    0x200000e8   Section        4  errno.o(.data)
    _errno                                   0x200000e8   Data           4  errno.o(.data)
    .bss                                     0x200000ec   Section      259  net.o(.bss)
    .bss                                     0x200001f0   Section      128  main.o(.bss)
    .bss                                     0x20000270   Section       52  lwip.o(.bss)
    .bss                                     0x200002a4   Section    12520  ethernetif.o(.bss)
    .bss                                     0x2000338c   Section       24  ip.o(.bss)
    .bss                                     0x200033a4   Section     1619  mem.o(.bss)
    .bss                                     0x200039f7   Section      131  memp.o(.bss)
    .bss                                     0x20003a7a   Section      783  memp.o(.bss)
    .bss                                     0x20003d89   Section      227  memp.o(.bss)
    .bss                                     0x20003e6c   Section      259  memp.o(.bss)
    .bss                                     0x20003f6f   Section      163  memp.o(.bss)
    .bss                                     0x20004012   Section      363  memp.o(.bss)
    .bss                                     0x2000417d   Section       83  memp.o(.bss)
    .bss                                     0x200041d0   Section      259  memp.o(.bss)
    .bss                                     0x200042d3   Section     9731  memp.o(.bss)
    .bss                                     0x200068d8   Section       16  tcp_in.o(.bss)
    inseg                                    0x200068d8   Data          16  tcp_in.o(.bss)
    .bss                                     0x200068e8   Section       32  dhcp.o(.bss)
    .bss                                     0x20006908   Section      240  etharp.o(.bss)
    arp_table                                0x20006908   Data         240  etharp.o(.bss)
    STACK                                    0x200069f8   Section    16384  startup_stm32f407xx.o(STACK)

    Global Symbols

    Symbol Name                              Value     Ov Type        Size  Object(Section)

    BuildAttributes$$THM_ISAv4$E$P$D$K$B$S$7EM$VFPi3$EXTD16$VFPS$VFMA$PE$A:L22UL41UL21$X:L11$S22US41US21$IEEE1$IW$USESV6$~STKCKD$USESV7$~SHL$OSPACE$ROPI$EBA8$MICROLIB$REQ8$PRES8$EABIv2 0x00000000   Number         0  anon$$obj.o ABSOLUTE
    __ARM_use_no_argv                        0x00000000   Number         0  main.o ABSOLUTE
    _printf_a                                0x00000000   Number         0  stubs.o ABSOLUTE
    _printf_c                                0x00000000   Number         0  stubs.o ABSOLUTE
    _printf_charcount                        0x00000000   Number         0  stubs.o ABSOLUTE
    _printf_d                                0x00000000   Number         0  stubs.o ABSOLUTE
    _printf_e                                0x00000000   Number         0  stubs.o ABSOLUTE
    _printf_f                                0x00000000   Number         0  stubs.o ABSOLUTE
    _printf_flags                            0x00000000   Number         0  stubs.o ABSOLUTE
    _printf_fp_dec                           0x00000000   Number         0  stubs.o ABSOLUTE
    _printf_fp_hex                           0x00000000   Number         0  stubs.o ABSOLUTE
    _printf_g                                0x00000000   Number         0  stubs.o ABSOLUTE
    _printf_i                                0x00000000   Number         0  stubs.o ABSOLUTE
    _printf_int_dec                          0x00000000   Number         0  stubs.o ABSOLUTE
    _printf_l                                0x00000000   Number         0  stubs.o ABSOLUTE
    _printf_lc                               0x00000000   Number         0  stubs.o ABSOLUTE
    _printf_ll                               0x00000000   Number         0  stubs.o ABSOLUTE
    _printf_lld                              0x00000000   Number         0  stubs.o ABSOLUTE
    _printf_lli                              0x00000000   Number         0  stubs.o ABSOLUTE
    _printf_llo                              0x00000000   Number         0  stubs.o ABSOLUTE
    _printf_llu                              0x00000000   Number         0  stubs.o ABSOLUTE
    _printf_llx                              0x00000000   Number         0  stubs.o ABSOLUTE
    _printf_longlong_dec                     0x00000000   Number         0  stubs.o ABSOLUTE
    _printf_longlong_hex                     0x00000000   Number         0  stubs.o ABSOLUTE
    _printf_longlong_oct                     0x00000000   Number         0  stubs.o ABSOLUTE
    _printf_ls                               0x00000000   Number         0  stubs.o ABSOLUTE
    _printf_mbtowc                           0x00000000   Number         0  stubs.o ABSOLUTE
    _printf_n                                0x00000000   Number         0  stubs.o ABSOLUTE
    _printf_o                                0x00000000   Number         0  stubs.o ABSOLUTE
    _printf_p                                0x00000000   Number         0  stubs.o ABSOLUTE
    _printf_percent                          0x00000000   Number         0  stubs.o ABSOLUTE
    _printf_pre_padding                      0x00000000   Number         0  stubs.o ABSOLUTE
    _printf_return_value                     0x00000000   Number         0  stubs.o ABSOLUTE
    _printf_s                                0x00000000   Number         0  stubs.o ABSOLUTE
    _printf_sizespec                         0x00000000   Number         0  stubs.o ABSOLUTE
    _printf_str                              0x00000000   Number         0  stubs.o ABSOLUTE
    _printf_truncate_signed                  0x00000000   Number         0  stubs.o ABSOLUTE
    _printf_truncate_unsigned                0x00000000   Number         0  stubs.o ABSOLUTE
    _printf_u                                0x00000000   Number         0  stubs.o ABSOLUTE
    _printf_wc                               0x00000000   Number         0  stubs.o ABSOLUTE
    _printf_wctomb                           0x00000000   Number         0  stubs.o ABSOLUTE
    _printf_widthprec                        0x00000000   Number         0  stubs.o ABSOLUTE
    _printf_x                                0x00000000   Number         0  stubs.o ABSOLUTE
    __cpp_initialize__aeabi_                  - Undefined Weak Reference
    __cxa_finalize                            - Undefined Weak Reference
    __decompress                              - Undefined Weak Reference
    _clock_init                               - Undefined Weak Reference
    _microlib_exit                            - Undefined Weak Reference
    __Vectors_Size                           0x00000188   Number         0  startup_stm32f407xx.o ABSOLUTE
    __Vectors                                0x08000000   Data           4  startup_stm32f407xx.o(RESET)
    __Vectors_End                            0x08000188   Data           0  startup_stm32f407xx.o(RESET)
    __main                                   0x08000189   Thumb Code     0  entry.o(.ARM.Collect$$$$00000000)
    _main_stk                                0x08000189   Thumb Code     0  entry2.o(.ARM.Collect$$$$00000001)
    _main_scatterload                        0x0800018d   Thumb Code     0  entry5.o(.ARM.Collect$$$$00000004)
    __main_after_scatterload                 0x08000191   Thumb Code     0  entry5.o(.ARM.Collect$$$$00000004)
    _main_clock                              0x08000191   Thumb Code     0  entry7b.o(.ARM.Collect$$$$00000008)
    _main_cpp_init                           0x08000191   Thumb Code     0  entry8b.o(.ARM.Collect$$$$0000000A)
    _main_init                               0x08000191   Thumb Code     0  entry9a.o(.ARM.Collect$$$$0000000B)
    __rt_final_cpp                           0x08000199   Thumb Code     0  entry10a.o(.ARM.Collect$$$$0000000D)
    __rt_final_exit                          0x08000199   Thumb Code     0  entry11a.o(.ARM.Collect$$$$0000000F)
    Reset_Handler                            0x0800019d   Thumb Code     8  startup_stm32f407xx.o(.text)
    ADC_IRQHandler                           0x080001b7   Thumb Code     0  startup_stm32f407xx.o(.text)
    CAN1_RX0_IRQHandler                      0x080001b7   Thumb Code     0  startup_stm32f407xx.o(.text)
    CAN1_RX1_IRQHandler                      0x080001b7   Thumb Code     0  startup_stm32f407xx.o(.text)
    CAN1_SCE_IRQHandler                      0x080001b7   Thumb Code     0  startup_stm32f407xx.o(.text)
    CAN1_TX_IRQHandler                       0x080001b7   Thumb Code     0  startup_stm32f407xx.o(.text)
    CAN2_RX0_IRQHandler                      0x080001b7   Thumb Code     0  startup_stm32f407xx.o(.text)
    CAN2_RX1_IRQHandler                      0x080001b7   Thumb Code     0  startup_stm32f407xx.o(.text)
    CAN2_SCE_IRQHandler                      0x080001b7   Thumb Code     0  startup_stm32f407xx.o(.text)
    CAN2_TX_IRQHandler                       0x080001b7   Thumb Code     0  startup_stm32f407xx.o(.text)
    DCMI_IRQHandler                          0x080001b7   Thumb Code     0  startup_stm32f407xx.o(.text)
    DMA1_Stream0_IRQHandler                  0x080001b7   Thumb Code     0  startup_stm32f407xx.o(.text)
    DMA1_Stream1_IRQHandler                  0x080001b7   Thumb Code     0  startup_stm32f407xx.o(.text)
    DMA1_Stream2_IRQHandler                  0x080001b7   Thumb Code     0  startup_stm32f407xx.o(.text)
    DMA1_Stream3_IRQHandler                  0x080001b7   Thumb Code     0  startup_stm32f407xx.o(.text)
    DMA1_Stream4_IRQHandler                  0x080001b7   Thumb Code     0  startup_stm32f407xx.o(.text)
    DMA1_Stream5_IRQHandler                  0x080001b7   Thumb Code     0  startup_stm32f407xx.o(.text)
    DMA1_Stream6_IRQHandler                  0x080001b7   Thumb Code     0  startup_stm32f407xx.o(.text)
    DMA1_Stream7_IRQHandler                  0x080001b7   Thumb Code     0  startup_stm32f407xx.o(.text)
    DMA2_Stream0_IRQHandler                  0x080001b7   Thumb Code     0  startup_stm32f407xx.o(.text)
    DMA2_Stream1_IRQHandler                  0x080001b7   Thumb Code     0  startup_stm32f407xx.o(.text)
    DMA2_Stream2_IRQHandler                  0x080001b7   Thumb Code     0  startup_stm32f407xx.o(.text)
    DMA2_Stream3_IRQHandler                  0x080001b7   Thumb Code     0  startup_stm32f407xx.o(.text)
    DMA2_Stream4_IRQHandler                  0x080001b7   Thumb Code     0  startup_stm32f407xx.o(.text)
    DMA2_Stream5_IRQHandler                  0x080001b7   Thumb Code     0  startup_stm32f407xx.o(.text)
    DMA2_Stream6_IRQHandler                  0x080001b7   Thumb Code     0  startup_stm32f407xx.o(.text)
    DMA2_Stream7_IRQHandler                  0x080001b7   Thumb Code     0  startup_stm32f407xx.o(.text)
    ETH_IRQHandler                           0x080001b7   Thumb Code     0  startup_stm32f407xx.o(.text)
    ETH_WKUP_IRQHandler                      0x080001b7   Thumb Code     0  startup_stm32f407xx.o(.text)
    EXTI0_IRQHandler                         0x080001b7   Thumb Code     0  startup_stm32f407xx.o(.text)
    EXTI15_10_IRQHandler                     0x080001b7   Thumb Code     0  startup_stm32f407xx.o(.text)
    EXTI1_IRQHandler                         0x080001b7   Thumb Code     0  startup_stm32f407xx.o(.text)
    EXTI2_IRQHandler                         0x080001b7   Thumb Code     0  startup_stm32f407xx.o(.text)
    EXTI3_IRQHandler                         0x080001b7   Thumb Code     0  startup_stm32f407xx.o(.text)
    EXTI4_IRQHandler                         0x080001b7   Thumb Code     0  startup_stm32f407xx.o(.text)
    EXTI9_5_IRQHandler                       0x080001b7   Thumb Code     0  startup_stm32f407xx.o(.text)
    FLASH_IRQHandler                         0x080001b7   Thumb Code     0  startup_stm32f407xx.o(.text)
    FMC_IRQHandler                           0x080001b7   Thumb Code     0  startup_stm32f407xx.o(.text)
    FPU_IRQHandler                           0x080001b7   Thumb Code     0  startup_stm32f407xx.o(.text)
    HASH_RNG_IRQHandler                      0x080001b7   Thumb Code     0  startup_stm32f407xx.o(.text)
    I2C1_ER_IRQHandler                       0x080001b7   Thumb Code     0  startup_stm32f407xx.o(.text)
    I2C1_EV_IRQHandler                       0x080001b7   Thumb Code     0  startup_stm32f407xx.o(.text)
    I2C2_ER_IRQHandler                       0x080001b7   Thumb Code     0  startup_stm32f407xx.o(.text)
    I2C2_EV_IRQHandler                       0x080001b7   Thumb Code     0  startup_stm32f407xx.o(.text)
    I2C3_ER_IRQHandler                       0x080001b7   Thumb Code     0  startup_stm32f407xx.o(.text)
    I2C3_EV_IRQHandler                       0x080001b7   Thumb Code     0  startup_stm32f407xx.o(.text)
    OTG_FS_IRQHandler                        0x080001b7   Thumb Code     0  startup_stm32f407xx.o(.text)
    OTG_FS_WKUP_IRQHandler                   0x080001b7   Thumb Code     0  startup_stm32f407xx.o(.text)
    OTG_HS_EP1_IN_IRQHandler                 0x080001b7   Thumb Code     0  startup_stm32f407xx.o(.text)
    OTG_HS_EP1_OUT_IRQHandler                0x080001b7   Thumb Code     0  startup_stm32f407xx.o(.text)
    OTG_HS_IRQHandler                        0x080001b7   Thumb Code     0  startup_stm32f407xx.o(.text)
    OTG_HS_WKUP_IRQHandler                   0x080001b7   Thumb Code     0  startup_stm32f407xx.o(.text)
    PVD_IRQHandler                           0x080001b7   Thumb Code     0  startup_stm32f407xx.o(.text)
    RCC_IRQHandler                           0x080001b7   Thumb Code     0  startup_stm32f407xx.o(.text)
    RTC_Alarm_IRQHandler                     0x080001b7   Thumb Code     0  startup_stm32f407xx.o(.text)
    RTC_WKUP_IRQHandler                      0x080001b7   Thumb Code     0  startup_stm32f407xx.o(.text)
    SDIO_IRQHandler                          0x080001b7   Thumb Code     0  startup_stm32f407xx.o(.text)
    SPI1_IRQHandler                          0x080001b7   Thumb Code     0  startup_stm32f407xx.o(.text)
    SPI2_IRQHandler                          0x080001b7   Thumb Code     0  startup_stm32f407xx.o(.text)
    SPI3_IRQHandler                          0x080001b7   Thumb Code     0  startup_stm32f407xx.o(.text)
    TAMP_STAMP_IRQHandler                    0x080001b7   Thumb Code     0  startup_stm32f407xx.o(.text)
    TIM1_BRK_TIM9_IRQHandler                 0x080001b7   Thumb Code     0  startup_stm32f407xx.o(.text)
    TIM1_CC_IRQHandler                       0x080001b7   Thumb Code     0  startup_stm32f407xx.o(.text)
    TIM1_TRG_COM_TIM11_IRQHandler            0x080001b7   Thumb Code     0  startup_stm32f407xx.o(.text)
    TIM1_UP_TIM10_IRQHandler                 0x080001b7   Thumb Code     0  startup_stm32f407xx.o(.text)
    TIM3_IRQHandler                          0x080001b7   Thumb Code     0  startup_stm32f407xx.o(.text)
    TIM4_IRQHandler                          0x080001b7   Thumb Code     0  startup_stm32f407xx.o(.text)
    TIM5_IRQHandler                          0x080001b7   Thumb Code     0  startup_stm32f407xx.o(.text)
    TIM6_DAC_IRQHandler                      0x080001b7   Thumb Code     0  startup_stm32f407xx.o(.text)
    TIM7_IRQHandler                          0x080001b7   Thumb Code     0  startup_stm32f407xx.o(.text)
    TIM8_BRK_TIM12_IRQHandler                0x080001b7   Thumb Code     0  startup_stm32f407xx.o(.text)
    TIM8_CC_IRQHandler                       0x080001b7   Thumb Code     0  startup_stm32f407xx.o(.text)
    TIM8_TRG_COM_TIM14_IRQHandler            0x080001b7   Thumb Code     0  startup_stm32f407xx.o(.text)
    TIM8_UP_TIM13_IRQHandler                 0x080001b7   Thumb Code     0  startup_stm32f407xx.o(.text)
    UART4_IRQHandler                         0x080001b7   Thumb Code     0  startup_stm32f407xx.o(.text)
    UART5_IRQHandler                         0x080001b7   Thumb Code     0  startup_stm32f407xx.o(.text)
    USART1_IRQHandler                        0x080001b7   Thumb Code     0  startup_stm32f407xx.o(.text)
    USART2_IRQHandler                        0x080001b7   Thumb Code     0  startup_stm32f407xx.o(.text)
    USART3_IRQHandler                        0x080001b7   Thumb Code     0  startup_stm32f407xx.o(.text)
    WWDG_IRQHandler                          0x080001b7   Thumb Code     0  startup_stm32f407xx.o(.text)
    __aeabi_uldivmod                         0x080001c1   Thumb Code    98  uldiv.o(.text)
    __rt_ctype_table                         0x08000225   Thumb Code     4  ctype_o.o(.text)
    rand                                     0x0800022d   Thumb Code    20  rand.o(.text)
    srand                                    0x08000241   Thumb Code     6  rand.o(.text)
    ___aeabi_memcpy4$move                    0x08000251   Thumb Code     0  memmovea.o(.text)
    ___aeabi_memcpy8$move                    0x08000251   Thumb Code     0  memmovea.o(.text)
    __aeabi_memcpy                           0x08000251   Thumb Code    64  memmovea.o(.text)
    __aeabi_memmove                          0x08000251   Thumb Code     0  memmovea.o(.text)
    __aeabi_memmove4                         0x08000251   Thumb Code     0  memmovea.o(.text)
    __aeabi_memmove8                         0x08000251   Thumb Code     0  memmovea.o(.text)
    __aeabi_memset                           0x08000291   Thumb Code    14  memseta.o(.text)
    __aeabi_memset4                          0x08000291   Thumb Code     0  memseta.o(.text)
    __aeabi_memset8                          0x08000291   Thumb Code     0  memseta.o(.text)
    __aeabi_memclr                           0x0800029f   Thumb Code     4  memseta.o(.text)
    __aeabi_memclr4                          0x0800029f   Thumb Code     0  memseta.o(.text)
    __aeabi_memclr8                          0x0800029f   Thumb Code     0  memseta.o(.text)
    _memset$wrapper                          0x080002a3   Thumb Code    18  memseta.o(.text)
    strncpy                                  0x080002b5   Thumb Code    24  strncpy.o(.text)
    strchr                                   0x080002cd   Thumb Code    20  strchr.o(.text)
    strlen                                   0x080002e1   Thumb Code    14  strlen.o(.text)
    memcmp                                   0x080002ef   Thumb Code    26  memcmp.o(.text)
    strncmp                                  0x08000309   Thumb Code    30  strncmp.o(.text)
    atoi                                     0x08000327   Thumb Code    26  atoi.o(.text)
    __aeabi_uidiv                            0x08000341   Thumb Code     0  uidiv.o(.text)
    __aeabi_uidivmod                         0x08000341   Thumb Code    44  uidiv.o(.text)
    __aeabi_llsl                             0x0800036d   Thumb Code    30  llshl.o(.text)
    _ll_shift_l                              0x0800036d   Thumb Code     0  llshl.o(.text)
    __aeabi_llsr                             0x0800038b   Thumb Code    32  llushr.o(.text)
    _ll_ushift_r                             0x0800038b   Thumb Code     0  llushr.o(.text)
    strtol                                   0x080003ab   Thumb Code   112  strtol.o(.text)
    __scatterload                            0x0800041d   Thumb Code    28  init.o(.text)
    __scatterload_rt2                        0x0800041d   Thumb Code     0  init.o(.text)
    __semihosting_library_function           0x08000441   Thumb Code     0  semi.o(.text)
    _strtoul                                 0x08000441   Thumb Code   158  _strtoul.o(.text)
    __I$use$semihosting$fputc                0x080004df   Thumb Code     0  iusesemip.o(.text)
    _chval                                   0x080004df   Thumb Code    28  _chval.o(.text)
    BusFault_Handler                         0x080004fb   Thumb Code     2  stm32f4xx_it.o(i.BusFault_Handler)
    DebugMon_Handler                         0x080004fd   Thumb Code     2  stm32f4xx_it.o(i.DebugMon_Handler)
    HAL_DMA_Abort_IT                         0x08000675   Thumb Code    36  stm32f4xx_hal_dma.o(i.HAL_DMA_Abort_IT)
    HAL_Delay                                0x08000699   Thumb Code    32  stm32f4xx_hal.o(i.HAL_Delay)
    HAL_ETH_DMARxDescListInit                0x080006bd   Thumb Code   116  stm32f4xx_hal_eth.o(i.HAL_ETH_DMARxDescListInit)
    HAL_ETH_DMATxDescListInit                0x08000731   Thumb Code   120  stm32f4xx_hal_eth.o(i.HAL_ETH_DMATxDescListInit)
    HAL_ETH_GetReceivedFrame                 0x080007a9   Thumb Code   122  stm32f4xx_hal_eth.o(i.HAL_ETH_GetReceivedFrame)
    HAL_ETH_Init                             0x08000825   Thumb Code   450  stm32f4xx_hal_eth.o(i.HAL_ETH_Init)
    HAL_ETH_MspInit                          0x08000a11   Thumb Code   194  ethernetif.o(i.HAL_ETH_MspInit)
    HAL_ETH_ReadPHYRegister                  0x08000ae9   Thumb Code   132  stm32f4xx_hal_eth.o(i.HAL_ETH_ReadPHYRegister)
    HAL_ETH_Start                            0x08000b6d   Thumb Code   132  stm32f4xx_hal_eth.o(i.HAL_ETH_Start)
    HAL_ETH_TransmitFrame                    0x08000bf1   Thumb Code   264  stm32f4xx_hal_eth.o(i.HAL_ETH_TransmitFrame)
    HAL_ETH_WritePHYRegister                 0x08000cf9   Thumb Code   120  stm32f4xx_hal_eth.o(i.HAL_ETH_WritePHYRegister)
    HAL_GPIO_Init                            0x08000d71   Thumb Code   394  stm32f4xx_hal_gpio.o(i.HAL_GPIO_Init)
    HAL_GPIO_TogglePin                       0x08000f29   Thumb Code    14  stm32f4xx_hal_gpio.o(i.HAL_GPIO_TogglePin)
    HAL_GPIO_WritePin                        0x08000f37   Thumb Code    10  stm32f4xx_hal_gpio.o(i.HAL_GPIO_WritePin)
    HAL_GetTick                              0x08000f41   Thumb Code     6  stm32f4xx_hal.o(i.HAL_GetTick)
    HAL_IncTick                              0x08000f4d   Thumb Code    12  stm32f4xx_hal.o(i.HAL_IncTick)
    HAL_Init                                 0x08000f5d   Thumb Code    48  stm32f4xx_hal.o(i.HAL_Init)
    HAL_InitTick                             0x08000f91   Thumb Code    54  stm32f4xx_hal.o(i.HAL_InitTick)
    HAL_MspInit                              0x08000fd1   Thumb Code    42  stm32f4xx_hal_msp.o(i.HAL_MspInit)
    HAL_NVIC_EnableIRQ                       0x08001001   Thumb Code    26  stm32f4xx_hal_cortex.o(i.HAL_NVIC_EnableIRQ)
    HAL_NVIC_SetPriority                     0x0800101d   Thumb Code    60  stm32f4xx_hal_cortex.o(i.HAL_NVIC_SetPriority)
    HAL_NVIC_SetPriorityGrouping             0x0800105d   Thumb Code    26  stm32f4xx_hal_cortex.o(i.HAL_NVIC_SetPriorityGrouping)
    HAL_RCC_ClockConfig                      0x08001081   Thumb Code   288  stm32f4xx_hal_rcc.o(i.HAL_RCC_ClockConfig)
    HAL_RCC_GetHCLKFreq                      0x080011b5   Thumb Code     6  stm32f4xx_hal_rcc.o(i.HAL_RCC_GetHCLKFreq)
    HAL_RCC_GetPCLK1Freq                     0x080011c1   Thumb Code    20  stm32f4xx_hal_rcc.o(i.HAL_RCC_GetPCLK1Freq)
    HAL_RCC_GetPCLK2Freq                     0x080011e1   Thumb Code    20  stm32f4xx_hal_rcc.o(i.HAL_RCC_GetPCLK2Freq)
    HAL_RCC_GetSysClockFreq                  0x08001201   Thumb Code    88  stm32f4xx_hal_rcc.o(i.HAL_RCC_GetSysClockFreq)
    HAL_RCC_OscConfig                        0x08001261   Thumb Code   840  stm32f4xx_hal_rcc.o(i.HAL_RCC_OscConfig)
    HAL_SYSTICK_Config                       0x080015bd   Thumb Code    40  stm32f4xx_hal_cortex.o(i.HAL_SYSTICK_Config)
    HAL_TIMEx_BreakCallback                  0x080015e5   Thumb Code     2  stm32f4xx_hal_tim_ex.o(i.HAL_TIMEx_BreakCallback)
    HAL_TIMEx_CommutCallback                 0x080015e7   Thumb Code     2  stm32f4xx_hal_tim_ex.o(i.HAL_TIMEx_CommutCallback)
    HAL_TIMEx_MasterConfigSynchronization    0x080015e9   Thumb Code   116  stm32f4xx_hal_tim_ex.o(i.HAL_TIMEx_MasterConfigSynchronization)
    HAL_TIM_Base_Init                        0x08001679   Thumb Code    54  stm32f4xx_hal_tim.o(i.HAL_TIM_Base_Init)
    HAL_TIM_Base_MspInit                     0x080016b1   Thumb Code    50  stm32f4xx_hal_msp.o(i.HAL_TIM_Base_MspInit)
    HAL_TIM_Base_Start_IT                    0x080016e9   Thumb Code    34  stm32f4xx_hal_tim.o(i.HAL_TIM_Base_Start_IT)
    HAL_TIM_ConfigClockSource                0x0800170b   Thumb Code   214  stm32f4xx_hal_tim.o(i.HAL_TIM_ConfigClockSource)
    HAL_TIM_IC_CaptureCallback               0x080017e1   Thumb Code     2  stm32f4xx_hal_tim.o(i.HAL_TIM_IC_CaptureCallback)
    HAL_TIM_IRQHandler                       0x080017e3   Thumb Code   358  stm32f4xx_hal_tim.o(i.HAL_TIM_IRQHandler)
    HAL_TIM_OC_DelayElapsedCallback          0x08001949   Thumb Code     2  stm32f4xx_hal_tim.o(i.HAL_TIM_OC_DelayElapsedCallback)
    HAL_TIM_PWM_PulseFinishedCallback        0x0800194b   Thumb Code     2  stm32f4xx_hal_tim.o(i.HAL_TIM_PWM_PulseFinishedCallback)
    HAL_TIM_PeriodElapsedCallback            0x0800194d   Thumb Code     2  stm32f4xx_hal_tim.o(i.HAL_TIM_PeriodElapsedCallback)
    HAL_TIM_TriggerCallback                  0x0800194f   Thumb Code     2  stm32f4xx_hal_tim.o(i.HAL_TIM_TriggerCallback)
    HAL_UART_ErrorCallback                   0x08001951   Thumb Code     2  stm32f4xx_hal_uart.o(i.HAL_UART_ErrorCallback)
    HAL_UART_IRQHandler                      0x08001955   Thumb Code   270  stm32f4xx_hal_uart.o(i.HAL_UART_IRQHandler)
    HAL_UART_Init                            0x08001a69   Thumb Code    98  stm32f4xx_hal_uart.o(i.HAL_UART_Init)
    HAL_UART_MspInit                         0x08001acd   Thumb Code   108  stm32f4xx_hal_msp.o(i.HAL_UART_MspInit)
    HAL_UART_Receive_IT                      0x08001b45   Thumb Code    82  stm32f4xx_hal_uart.o(i.HAL_UART_Receive_IT)
    HAL_UART_RxCpltCallback                  0x08001b99   Thumb Code    12  main.o(i.HAL_UART_RxCpltCallback)
    HAL_UART_Transmit                        0x08001ba9   Thumb Code   186  stm32f4xx_hal_uart.o(i.HAL_UART_Transmit)
    HAL_UART_TxCpltCallback                  0x08001c63   Thumb Code     2  stm32f4xx_hal_uart.o(i.HAL_UART_TxCpltCallback)
    HardFault_Handler                        0x08001c65   Thumb Code     2  stm32f4xx_it.o(i.HardFault_Handler)
    MX_LWIP_Init                             0x08001cf9   Thumb Code    82  lwip.o(i.MX_LWIP_Init)
    MemManage_Handler                        0x08001da9   Thumb Code     2  stm32f4xx_it.o(i.MemManage_Handler)
    NMI_Handler                              0x08001dab   Thumb Code     2  stm32f4xx_it.o(i.NMI_Handler)
    PendSV_Handler                           0x08001dad   Thumb Code     2  stm32f4xx_it.o(i.PendSV_Handler)
    SVC_Handler                              0x08001daf   Thumb Code     2  stm32f4xx_it.o(i.SVC_Handler)
    SysTick_Handler                          0x08001db1   Thumb Code     4  stm32f4xx_it.o(i.SysTick_Handler)
    SystemClock_Config                       0x08001db5   Thumb Code   124  main.o(i.SystemClock_Config)
    SystemInit                               0x08001e39   Thumb Code    22  system_stm32f4xx.o(i.SystemInit)
    TIM2_IRQHandler                          0x08001e55   Thumb Code     6  stm32f4xx_it.o(i.TIM2_IRQHandler)
    TIM_Base_SetConfig                       0x08001e61   Thumb Code   156  stm32f4xx_hal_tim.o(i.TIM_Base_SetConfig)
    TIM_ETR_SetConfig                        0x08001f29   Thumb Code    20  stm32f4xx_hal_tim.o(i.TIM_ETR_SetConfig)
    UART6_RxCpltCallback                     0x08001f95   Thumb Code    64  net.o(i.UART6_RxCpltCallback)
    USART6_IRQHandler                        0x08002291   Thumb Code     6  stm32f4xx_it.o(i.USART6_IRQHandler)
    UsageFault_Handler                       0x0800229d   Thumb Code     2  stm32f4xx_it.o(i.UsageFault_Handler)
    __0printf$3                              0x080022a1   Thumb Code    22  printf3.o(i.__0printf$3)
    __1printf$3                              0x080022a1   Thumb Code     0  printf3.o(i.__0printf$3)
    __2printf                                0x080022a1   Thumb Code     0  printf3.o(i.__0printf$3)
    __0sprintf$3                             0x080022c1   Thumb Code    34  printf3.o(i.__0sprintf$3)
    __1sprintf$3                             0x080022c1   Thumb Code     0  printf3.o(i.__0sprintf$3)
    __2sprintf                               0x080022c1   Thumb Code     0  printf3.o(i.__0sprintf$3)
    __aeabi_errno_addr                       0x08002309   Thumb Code     4  errno.o(i.__aeabi_errno_addr)
    __rt_errno_addr                          0x08002309   Thumb Code     0  errno.o(i.__aeabi_errno_addr)
    __scatterload_copy                       0x08002311   Thumb Code    14  handlers.o(i.__scatterload_copy)
    __scatterload_null                       0x0800231f   Thumb Code     2  handlers.o(i.__scatterload_null)
    __scatterload_zeroinit                   0x08002321   Thumb Code    14  handlers.o(i.__scatterload_zeroinit)
    dhcp_arp_reply                           0x080024f5   Thumb Code    42  dhcp.o(i.dhcp_arp_reply)
    dhcp_coarse_tmr                          0x0800274d   Thumb Code   168  dhcp.o(i.dhcp_coarse_tmr)
    dhcp_fine_tmr                            0x08002c19   Thumb Code    46  dhcp.o(i.dhcp_fine_tmr)
    dhcp_release_and_stop                    0x08003739   Thumb Code   180  dhcp.o(i.dhcp_release_and_stop)
    dhcp_renew                               0x080037f5   Thumb Code   210  dhcp.o(i.dhcp_renew)
    dhcp_start                               0x08003add   Thumb Code   148  dhcp.o(i.dhcp_start)
    dhcp_supplied_address                    0x08003c05   Thumb Code    28  dhcp.o(i.dhcp_supplied_address)
    etharp_cleanup_netif                     0x08003dcd   Thumb Code    40  etharp.o(i.etharp_cleanup_netif)
    etharp_input                             0x0800407d   Thumb Code   166  etharp.o(i.etharp_input)
    etharp_output                            0x08004195   Thumb Code   280  etharp.o(i.etharp_output)
    etharp_query                             0x08004455   Thumb Code   300  etharp.o(i.etharp_query)
    etharp_request                           0x080047b1   Thumb Code     6  etharp.o(i.etharp_request)
    etharp_tmr                               0x080047dd   Thumb Code    90  etharp.o(i.etharp_tmr)
    ethernet_input                           0x08004959   Thumb Code   160  ethernet.o(i.ethernet_input)
    ethernet_output                          0x080049fd   Thumb Code    98  ethernet.o(i.ethernet_output)
    ethernetif_init                          0x08004af5   Thumb Code    50  ethernetif.o(i.ethernetif_init)
    ethernetif_input                         0x08004b7d   Thumb Code    34  ethernetif.o(i.ethernetif_input)
    fputc                                    0x08004b9f   Thumb Code    18  fputc.o(i.fputc)
    icmp_dest_unreach                        0x08004bb1   Thumb Code     8  icmp.o(i.icmp_dest_unreach)
    icmp_input                               0x08004bb9   Thumb Code   280  icmp.o(i.icmp_input)
    icmp_time_exceeded                       0x08004eb1   Thumb Code     8  icmp.o(i.icmp_time_exceeded)
    ip4_addr_isbroadcast_u32                 0x08004eb9   Thumb Code    46  ip4_addr.o(i.ip4_addr_isbroadcast_u32)
    ip4_frag                                 0x08004ee9   Thumb Code   426  ip4_frag.o(i.ip4_frag)
    ip4_input                                0x08005149   Thumb Code   394  ip4.o(i.ip4_input)
    ip4_output_if                            0x08005309   Thumb Code    30  ip4.o(i.ip4_output_if)
    ip4_output_if_src                        0x08005329   Thumb Code   214  ip4.o(i.ip4_output_if_src)
    ip4_reass                                0x080054a1   Thumb Code   482  ip4_frag.o(i.ip4_reass)
    ip4_route                                0x08005729   Thumb Code    86  ip4.o(i.ip4_route)
    ip_extract                               0x08005789   Thumb Code   142  net.o(i.ip_extract)
    ip_reass_tmr                             0x08005dc5   Thumb Code    40  ip4_frag.o(i.ip_reass_tmr)
    lwip_htonl                               0x0800611d   Thumb Code     4  def.o(i.lwip_htonl)
    lwip_htons                               0x08006121   Thumb Code     4  def.o(i.lwip_htons)
    lwip_init                                0x08006125   Thumb Code    30  init.o(i.lwip_init)
    main                                     0x08006145   Thumb Code    86  main.o(i.main)
    mem_free                                 0x080061ad   Thumb Code   168  mem.o(i.mem_free)
    mem_init                                 0x0800634d   Thumb Code    46  mem.o(i.mem_init)
    mem_malloc                               0x08006385   Thumb Code   300  mem.o(i.mem_malloc)
    mem_trim                                 0x080065d1   Thumb Code   284  mem.o(i.mem_trim)
    memp_free                                0x08006795   Thumb Code    34  memp.o(i.memp_free)
    memp_init                                0x08006831   Thumb Code    26  memp.o(i.memp_init)
    memp_init_pool                           0x08006851   Thumb Code    42  memp.o(i.memp_init_pool)
    memp_malloc                              0x0800687d   Thumb Code    38  memp.o(i.memp_malloc)
    net_cmd                                  0x08006921   Thumb Code   224  net.o(i.net_cmd)
    net_ini                                  0x08006a25   Thumb Code    14  net.o(i.net_ini)
    netif_add                                0x08006a39   Thumb Code   236  netif.o(i.netif_add)
    netif_get_by_index                       0x08006d19   Thumb Code    34  netif.o(i.netif_get_by_index)
    netif_init                               0x08006d41   Thumb Code     2  netif.o(i.netif_init)
    netif_set_addr                           0x08006e0d   Thumb Code    90  netif.o(i.netif_set_addr)
    netif_set_default                        0x08006e6d   Thumb Code     6  netif.o(i.netif_set_default)
    netif_set_down                           0x08006e79   Thumb Code    42  netif.o(i.netif_set_down)
    netif_set_up                             0x08006f21   Thumb Code    40  netif.o(i.netif_set_up)
    pbuf_add_header                          0x08006fc1   Thumb Code     6  pbuf.o(i.pbuf_add_header)
    pbuf_alloc                               0x08007089   Thumb Code   298  pbuf.o(i.pbuf_alloc)
    pbuf_alloc_reference                     0x080072bd   Thumb Code    68  pbuf.o(i.pbuf_alloc_reference)
    pbuf_alloced_custom                      0x0800736d   Thumb Code    54  pbuf.o(i.pbuf_alloced_custom)
    pbuf_cat                                 0x080073a5   Thumb Code    96  pbuf.o(i.pbuf_cat)
    pbuf_chain                               0x080074d5   Thumb Code    18  pbuf.o(i.pbuf_chain)
    pbuf_clen                                0x080074e7   Thumb Code    18  pbuf.o(i.pbuf_clen)
    pbuf_clone                               0x080074f9   Thumb Code    48  pbuf.o(i.pbuf_clone)
    pbuf_copy                                0x08007595   Thumb Code   232  pbuf.o(i.pbuf_copy)
    pbuf_copy_partial                        0x08007775   Thumb Code   124  pbuf.o(i.pbuf_copy_partial)
    pbuf_free                                0x0800788d   Thumb Code   158  pbuf.o(i.pbuf_free)
    pbuf_free_ooseq                          0x080079e1   Thumb Code    28  pbuf.o(i.pbuf_free_ooseq)
    pbuf_header_force                        0x08007a05   Thumb Code     6  pbuf.o(i.pbuf_header_force)
    pbuf_realloc                             0x08007a35   Thumb Code   142  pbuf.o(i.pbuf_realloc)
    pbuf_ref                                 0x08007b69   Thumb Code    32  pbuf.o(i.pbuf_ref)
    pbuf_remove_header                       0x08007bf5   Thumb Code    74  pbuf.o(i.pbuf_remove_header)
    pbuf_take                                0x08007cc5   Thumb Code   156  pbuf.o(i.pbuf_take)
    port_extract                             0x08007fdd   Thumb Code    26  net.o(i.port_extract)
    sendstring                               0x08008005   Thumb Code    48  net.o(i.sendstring)
    string_parse                             0x08008041   Thumb Code   122  net.o(i.string_parse)
    sys_check_timeouts                       0x080080d1   Thumb Code    74  timeouts.o(i.sys_check_timeouts)
    sys_now                                  0x08008125   Thumb Code     4  ethernetif.o(i.sys_now)
    sys_timeout                              0x08008129   Thumb Code    46  timeouts.o(i.sys_timeout)
    sys_timeouts_init                        0x080082e5   Thumb Code    30  timeouts.o(i.sys_timeouts_init)
    tcp_abandon                              0x0800830d   Thumb Code   256  tcp.o(i.tcp_abandon)
    tcp_abort                                0x080084b9   Thumb Code     6  tcp.o(i.tcp_abort)
    tcp_alloc                                0x080084c1   Thumb Code   282  tcp.o(i.tcp_alloc)
    tcp_arg                                  0x080085e9   Thumb Code     8  tcp.o(i.tcp_arg)
    tcp_client_connect                       0x080085f1   Thumb Code    74  net.o(i.tcp_client_connect)
    tcp_close                                0x080087a1   Thumb Code    48  tcp.o(i.tcp_close)
    tcp_connect                              0x08008ae1   Thumb Code   286  tcp.o(i.tcp_connect)
    tcp_eff_send_mss_netif                   0x08008e45   Thumb Code    54  tcp.o(i.tcp_eff_send_mss_netif)
    tcp_enqueue_flags                        0x08008efd   Thumb Code   268  tcp_out.o(i.tcp_enqueue_flags)
    tcp_fasttmr                              0x08009131   Thumb Code   102  tcp.o(i.tcp_fasttmr)
    tcp_free                                 0x0800919d   Thumb Code    34  tcp.o(i.tcp_free)
    tcp_free_ooseq                           0x08009369   Thumb Code    20  tcp.o(i.tcp_free_ooseq)
    tcp_init                                 0x080093a5   Thumb Code    20  tcp.o(i.tcp_init)
    tcp_input                                0x080093bd   Thumb Code  1584  tcp_in.o(i.tcp_input)
    tcp_keepalive                            0x08009ae1   Thumb Code    82  tcp_out.o(i.tcp_keepalive)
    tcp_netif_ip_addr_changed                0x08009e71   Thumb Code    70  tcp.o(i.tcp_netif_ip_addr_changed)
    tcp_new                                  0x08009f7d   Thumb Code     6  tcp.o(i.tcp_new)
    tcp_next_iss                             0x08009fe5   Thumb Code    32  tcp.o(i.tcp_next_iss)
    tcp_output                               0x0800a189   Thumb Code   552  tcp_out.o(i.tcp_output)
    tcp_pcb_purge                            0x0800accd   Thumb Code    88  tcp.o(i.tcp_pcb_purge)
    tcp_pcb_remove                           0x0800ad99   Thumb Code   174  tcp.o(i.tcp_pcb_remove)
    tcp_poll                                 0x0800af29   Thumb Code    58  tcp.o(i.tcp_poll)
    tcp_process_refused_data                 0x0800b4b9   Thumb Code   132  tcp.o(i.tcp_process_refused_data)
    tcp_recv                                 0x0800bec1   Thumb Code    34  tcp.o(i.tcp_recv)
    tcp_recv_null                            0x0800bf65   Thumb Code    60  tcp.o(i.tcp_recv_null)
    tcp_recved                               0x0800c015   Thumb Code   104  tcp.o(i.tcp_recved)
    tcp_rexmit                               0x0800c16d   Thumb Code   118  tcp_out.o(i.tcp_rexmit)
    tcp_rexmit_fast                          0x0800c259   Thumb Code   108  tcp_out.o(i.tcp_rexmit_fast)
    tcp_rexmit_rto                           0x0800c341   Thumb Code    42  tcp_out.o(i.tcp_rexmit_rto)
    tcp_rexmit_rto_commit                    0x0800c3e5   Thumb Code    44  tcp_out.o(i.tcp_rexmit_rto_commit)
    tcp_rexmit_rto_prepare                   0x0800c491   Thumb Code   118  tcp_out.o(i.tcp_rexmit_rto_prepare)
    tcp_rst                                  0x0800c599   Thumb Code   126  tcp_out.o(i.tcp_rst)
    tcp_seg_copy                             0x0800c6ad   Thumb Code    56  tcp.o(i.tcp_seg_copy)
    tcp_seg_free                             0x0800c759   Thumb Code    28  tcp.o(i.tcp_seg_free)
    tcp_segs_free                            0x0800c775   Thumb Code    18  tcp.o(i.tcp_segs_free)
    tcp_send_empty_ack                       0x0800c789   Thumb Code   110  tcp_out.o(i.tcp_send_empty_ack)
    tcp_send_fin                             0x0800c875   Thumb Code    84  tcp_out.o(i.tcp_send_fin)
    tcp_sent                                 0x0800c941   Thumb Code    34  tcp.o(i.tcp_sent)
    tcp_slowtmr                              0x0800c9e5   Thumb Code  1360  tcp.o(i.tcp_slowtmr)
    tcp_split_unsent_seg                     0x0800cfb5   Thumb Code   360  tcp_out.o(i.tcp_split_unsent_seg)
    tcp_timer_needed                         0x0800d1e1   Thumb Code    36  timeouts.o(i.tcp_timer_needed)
    tcp_tmr                                  0x0800d315   Thumb Code    28  tcp.o(i.tcp_tmr)
    tcp_trigger_input_pcb_close              0x0800d335   Thumb Code    12  tcp_in.o(i.tcp_trigger_input_pcb_close)
    tcp_update_rcv_ann_wnd                   0x0800d345   Thumb Code    92  tcp.o(i.tcp_update_rcv_ann_wnd)
    tcp_write                                0x0800d439   Thumb Code  1688  tcp_out.o(i.tcp_write)
    tcp_zero_window_probe                    0x0800dc65   Thumb Code   190  tcp_out.o(i.tcp_zero_window_probe)
    udp_bind                                 0x0800dddd   Thumb Code   186  udp.o(i.udp_bind)
    udp_connect                              0x0800df11   Thumb Code   108  udp.o(i.udp_connect)
    udp_init                                 0x0800e011   Thumb Code    20  udp.o(i.udp_init)
    udp_input                                0x0800e029   Thumb Code   310  udp.o(i.udp_input)
    udp_netif_ip_addr_changed                0x0800e31d   Thumb Code    48  udp.o(i.udp_netif_ip_addr_changed)
    udp_new                                  0x0800e351   Thumb Code    26  udp.o(i.udp_new)
    udp_recv                                 0x0800e36d   Thumb Code    22  udp.o(i.udp_recv)
    udp_remove                               0x0800e3f5   Thumb Code    58  udp.o(i.udp_remove)
    udp_sendto_if                            0x0800e4a5   Thumb Code   110  udp.o(i.udp_sendto_if)
    udp_sendto_if_src                        0x0800e5e5   Thumb Code   274  udp.o(i.udp_sendto_if_src)
    AHBPrescTable                            0x0800e82c   Data          16  system_stm32f4xx.o(.constdata)
    APBPrescTable                            0x0800e83c   Data           8  system_stm32f4xx.o(.constdata)
    ethbroadcast                             0x0800e844   Data           6  ethernet.o(.constdata)
    ethzero                                  0x0800e84a   Data           6  ethernet.o(.constdata)
    memp_UDP_PCB                             0x0800e850   Data          12  memp.o(.constdata)
    memp_TCP_PCB                             0x0800e85c   Data          12  memp.o(.constdata)
    memp_TCP_PCB_LISTEN                      0x0800e868   Data          12  memp.o(.constdata)
    memp_TCP_SEG                             0x0800e874   Data          12  memp.o(.constdata)
    memp_REASSDATA                           0x0800e880   Data          12  memp.o(.constdata)
    memp_FRAG_PBUF                           0x0800e88c   Data          12  memp.o(.constdata)
    memp_SYS_TIMEOUT                         0x0800e898   Data          12  memp.o(.constdata)
    memp_PBUF                                0x0800e8a4   Data          12  memp.o(.constdata)
    memp_PBUF_POOL                           0x0800e8b0   Data          12  memp.o(.constdata)
    memp_pools                               0x0800e8bc   Data          36  memp.o(.constdata)
    tcp_pcb_lists                            0x0800e924   Data          16  tcp.o(.constdata)
    lwip_cyclic_timers                       0x0800e934   Data          40  timeouts.o(.constdata)
    ip_addr_any                              0x0800e95c   Data           4  ip4_addr.o(.constdata)
    ip_addr_broadcast                        0x0800e960   Data           4  ip4_addr.o(.constdata)
    __ctype_table                            0x0800e964   Data         129  ctype_o.o(.constdata)
    Region$$Table$$Base                      0x0800eb44   Number         0  anon$$obj.o(Region$$Table)
    Region$$Table$$Limit                     0x0800eb64   Number         0  anon$$obj.o(Region$$Table)
    port_dest                                0x20000000   Data           2  net.o(.data)
    ipaddr_dest                              0x20000002   Data           4  net.o(.data)
    client_pcb                               0x20000008   Data           4  net.o(.data)
    ipaddr                                   0x2000000c   Data           4  lwip.o(.data)
    netmask                                  0x20000010   Data           4  lwip.o(.data)
    gw                                       0x20000014   Data           4  lwip.o(.data)
    uwTickFreq                               0x20000018   Data           1  stm32f4xx_hal.o(.data)
    uwTickPrio                               0x2000001c   Data           4  stm32f4xx_hal.o(.data)
    uwTick                                   0x20000020   Data           4  stm32f4xx_hal.o(.data)
    SystemCoreClock                          0x20000024   Data           4  system_stm32f4xx.o(.data)
    netif_list                               0x2000005c   Data           4  netif.o(.data)
    netif_default                            0x20000060   Data           4  netif.o(.data)
    pbuf_free_ooseq_pending                  0x20000064   Data           1  pbuf.o(.data)
    tcp_active_pcbs_changed                  0x20000068   Data           1  tcp.o(.data)
    tcp_ticks                                0x20000074   Data           4  tcp.o(.data)
    tcp_bound_pcbs                           0x20000078   Data           4  tcp.o(.data)
    tcp_listen_pcbs                          0x2000007c   Data           4  tcp.o(.data)
    tcp_active_pcbs                          0x20000080   Data           4  tcp.o(.data)
    tcp_tw_pcbs                              0x20000084   Data           4  tcp.o(.data)
    tcp_input_pcb                            0x200000a8   Data           4  tcp_in.o(.data)
    udp_pcbs                                 0x200000bc   Data           4  udp.o(.data)
    dhcp_rx_options_given                    0x200000cc   Data           8  dhcp.o(.data)
    __stdout                                 0x200000e4   Data           4  stdout.o(.data)
    usartprop                                0x200000ec   Data          29  net.o(.bss)
    str                                      0x20000109   Data          30  net.o(.bss)
    str1                                     0x20000127   Data         100  net.o(.bss)
    data                                     0x2000018b   Data         100  net.o(.bss)
    htim2                                    0x200001f0   Data          64  main.o(.bss)
    huart6                                   0x20000230   Data          64  main.o(.bss)
    gnetif                                   0x20000270   Data          52  lwip.o(.bss)
    DMARxDscrTab                             0x200002a4   Data         128  ethernetif.o(.bss)
    DMATxDscrTab                             0x20000324   Data         128  ethernetif.o(.bss)
    Rx_Buff                                  0x200003a4   Data        6096  ethernetif.o(.bss)
    Tx_Buff                                  0x20001b74   Data        6096  ethernetif.o(.bss)
    heth                                     0x20003344   Data          72  ethernetif.o(.bss)
    ip_data                                  0x2000338c   Data          24  ip.o(.bss)
    ram_heap                                 0x200033a4   Data        1619  mem.o(.bss)
    memp_memory_UDP_PCB_base                 0x200039f7   Data         131  memp.o(.bss)
    memp_memory_TCP_PCB_base                 0x20003a7a   Data         783  memp.o(.bss)
    memp_memory_TCP_PCB_LISTEN_base          0x20003d89   Data         227  memp.o(.bss)
    memp_memory_TCP_SEG_base                 0x20003e6c   Data         259  memp.o(.bss)
    memp_memory_REASSDATA_base               0x20003f6f   Data         163  memp.o(.bss)
    memp_memory_FRAG_PBUF_base               0x20004012   Data         363  memp.o(.bss)
    memp_memory_SYS_TIMEOUT_base             0x2000417d   Data          83  memp.o(.bss)
    memp_memory_PBUF_base                    0x200041d0   Data         259  memp.o(.bss)
    memp_memory_PBUF_POOL_base               0x200042d3   Data        9731  memp.o(.bss)
    dhcp_rx_options_val                      0x200068e8   Data          32  dhcp.o(.bss)
    __initial_sp                             0x2000a9f8   Data           0  startup_stm32f407xx.o(STACK)



==============================================================================

Memory Map of the image

  Image Entry point : 0x08000189

  Load Region LR_IROM1 (Base: 0x08000000, Size: 0x0000ec50, Max: 0x00100000, ABSOLUTE)

    Execution Region ER_IROM1 (Exec base: 0x08000000, Load base: 0x08000000, Size: 0x0000eb64, Max: 0x00100000, ABSOLUTE)

    Exec Addr    Load Addr    Size         Type   Attr      Idx    E Section Name        Object

    0x08000000   0x08000000   0x00000188   Data   RO            3    RESET               startup_stm32f407xx.o
    0x08000188   0x08000188   0x00000000   Code   RO         6970  * .ARM.Collect$$$$00000000  mc_w.l(entry.o)
    0x08000188   0x08000188   0x00000004   Code   RO         7289    .ARM.Collect$$$$00000001  mc_w.l(entry2.o)
    0x0800018c   0x0800018c   0x00000004   Code   RO         7292    .ARM.Collect$$$$00000004  mc_w.l(entry5.o)
    0x08000190   0x08000190   0x00000000   Code   RO         7294    .ARM.Collect$$$$00000008  mc_w.l(entry7b.o)
    0x08000190   0x08000190   0x00000000   Code   RO         7296    .ARM.Collect$$$$0000000A  mc_w.l(entry8b.o)
    0x08000190   0x08000190   0x00000008   Code   RO         7297    .ARM.Collect$$$$0000000B  mc_w.l(entry9a.o)
    0x08000198   0x08000198   0x00000000   Code   RO         7299    .ARM.Collect$$$$0000000D  mc_w.l(entry10a.o)
    0x08000198   0x08000198   0x00000000   Code   RO         7301    .ARM.Collect$$$$0000000F  mc_w.l(entry11a.o)
    0x08000198   0x08000198   0x00000004   Code   RO         7290    .ARM.Collect$$$$00002712  mc_w.l(entry2.o)
    0x0800019c   0x0800019c   0x00000024   Code   RO            4    .text               startup_stm32f407xx.o
    0x080001c0   0x080001c0   0x00000062   Code   RO         6973    .text               mc_w.l(uldiv.o)
    0x08000222   0x08000222   0x00000002   PAD
    0x08000224   0x08000224   0x00000008   Code   RO         6975    .text               mc_w.l(ctype_o.o)
    0x0800022c   0x0800022c   0x00000024   Code   RO         7003    .text               mc_w.l(rand.o)
    0x08000250   0x08000250   0x00000040   Code   RO         7008    .text               mc_w.l(memmovea.o)
    0x08000290   0x08000290   0x00000024   Code   RO         7010    .text               mc_w.l(memseta.o)
    0x080002b4   0x080002b4   0x00000018   Code   RO         7012    .text               mc_w.l(strncpy.o)
    0x080002cc   0x080002cc   0x00000014   Code   RO         7014    .text               mc_w.l(strchr.o)
    0x080002e0   0x080002e0   0x0000000e   Code   RO         7016    .text               mc_w.l(strlen.o)
    0x080002ee   0x080002ee   0x0000001a   Code   RO         7018    .text               mc_w.l(memcmp.o)
    0x08000308   0x08000308   0x0000001e   Code   RO         7020    .text               mc_w.l(strncmp.o)
    0x08000326   0x08000326   0x0000001a   Code   RO         7287    .text               mc_w.l(atoi.o)
    0x08000340   0x08000340   0x0000002c   Code   RO         7306    .text               mc_w.l(uidiv.o)
    0x0800036c   0x0800036c   0x0000001e   Code   RO         7308    .text               mc_w.l(llshl.o)
    0x0800038a   0x0800038a   0x00000020   Code   RO         7310    .text               mc_w.l(llushr.o)
    0x080003aa   0x080003aa   0x00000070   Code   RO         7319    .text               mc_w.l(strtol.o)
    0x0800041a   0x0800041a   0x00000002   PAD
    0x0800041c   0x0800041c   0x00000024   Code   RO         7332    .text               mc_w.l(init.o)
    0x08000440   0x08000440   0x00000000   Code   RO         7334    .text               mc_w.l(semi.o)
    0x08000440   0x08000440   0x0000009e   Code   RO         7337    .text               mc_w.l(_strtoul.o)
    0x080004de   0x080004de   0x00000000   Code   RO         7339    .text               mc_w.l(iusesemip.o)
    0x080004de   0x080004de   0x0000001c   Code   RO         7342    .text               mc_w.l(_chval.o)
    0x080004fa   0x080004fa   0x00000002   Code   RO          572    i.BusFault_Handler  stm32f4xx_it.o
    0x080004fc   0x080004fc   0x00000002   Code   RO          573    i.DebugMon_Handler  stm32f4xx_it.o
    0x080004fe   0x080004fe   0x00000002   PAD
    0x08000500   0x08000500   0x00000020   Code   RO          708    i.ETH_Delay         stm32f4xx_hal_eth.o
    0x08000520   0x08000520   0x0000002e   Code   RO          709    i.ETH_FlushTransmitFIFO  stm32f4xx_hal_eth.o
    0x0800054e   0x0800054e   0x00000002   PAD
    0x08000550   0x08000550   0x00000124   Code   RO          710    i.ETH_MACDMAConfig  stm32f4xx_hal_eth.o
    0x08000674   0x08000674   0x00000024   Code   RO         1324    i.HAL_DMA_Abort_IT  stm32f4xx_hal_dma.o
    0x08000698   0x08000698   0x00000024   Code   RO         1742    i.HAL_Delay         stm32f4xx_hal.o
    0x080006bc   0x080006bc   0x00000074   Code   RO          713    i.HAL_ETH_DMARxDescListInit  stm32f4xx_hal_eth.o
    0x08000730   0x08000730   0x00000078   Code   RO          714    i.HAL_ETH_DMATxDescListInit  stm32f4xx_hal_eth.o
    0x080007a8   0x080007a8   0x0000007a   Code   RO          717    i.HAL_ETH_GetReceivedFrame  stm32f4xx_hal_eth.o
    0x08000822   0x08000822   0x00000002   PAD
    0x08000824   0x08000824   0x000001ec   Code   RO          721    i.HAL_ETH_Init      stm32f4xx_hal_eth.o
    0x08000a10   0x08000a10   0x000000d8   Code   RO          491    i.HAL_ETH_MspInit   ethernetif.o
    0x08000ae8   0x08000ae8   0x00000084   Code   RO          724    i.HAL_ETH_ReadPHYRegister  stm32f4xx_hal_eth.o
    0x08000b6c   0x08000b6c   0x00000084   Code   RO          726    i.HAL_ETH_Start     stm32f4xx_hal_eth.o
    0x08000bf0   0x08000bf0   0x00000108   Code   RO          728    i.HAL_ETH_TransmitFrame  stm32f4xx_hal_eth.o
    0x08000cf8   0x08000cf8   0x00000078   Code   RO          730    i.HAL_ETH_WritePHYRegister  stm32f4xx_hal_eth.o
    0x08000d70   0x08000d70   0x000001b8   Code   RO         1216    i.HAL_GPIO_Init     stm32f4xx_hal_gpio.o
    0x08000f28   0x08000f28   0x0000000e   Code   RO         1219    i.HAL_GPIO_TogglePin  stm32f4xx_hal_gpio.o
    0x08000f36   0x08000f36   0x0000000a   Code   RO         1220    i.HAL_GPIO_WritePin  stm32f4xx_hal_gpio.o
    0x08000f40   0x08000f40   0x0000000c   Code   RO         1748    i.HAL_GetTick       stm32f4xx_hal.o
    0x08000f4c   0x08000f4c   0x00000010   Code   RO         1754    i.HAL_IncTick       stm32f4xx_hal.o
    0x08000f5c   0x08000f5c   0x00000034   Code   RO         1755    i.HAL_Init          stm32f4xx_hal.o
    0x08000f90   0x08000f90   0x00000040   Code   RO         1756    i.HAL_InitTick      stm32f4xx_hal.o
    0x08000fd0   0x08000fd0   0x00000030   Code   RO          660    i.HAL_MspInit       stm32f4xx_hal_msp.o
    0x08001000   0x08001000   0x0000001a   Code   RO         1605    i.HAL_NVIC_EnableIRQ  stm32f4xx_hal_cortex.o
    0x0800101a   0x0800101a   0x00000002   PAD
    0x0800101c   0x0800101c   0x00000040   Code   RO         1611    i.HAL_NVIC_SetPriority  stm32f4xx_hal_cortex.o
    0x0800105c   0x0800105c   0x00000024   Code   RO         1612    i.HAL_NVIC_SetPriorityGrouping  stm32f4xx_hal_cortex.o
    0x08001080   0x08001080   0x00000134   Code   RO          862    i.HAL_RCC_ClockConfig  stm32f4xx_hal_rcc.o
    0x080011b4   0x080011b4   0x0000000c   Code   RO          867    i.HAL_RCC_GetHCLKFreq  stm32f4xx_hal_rcc.o
    0x080011c0   0x080011c0   0x00000020   Code   RO          869    i.HAL_RCC_GetPCLK1Freq  stm32f4xx_hal_rcc.o
    0x080011e0   0x080011e0   0x00000020   Code   RO          870    i.HAL_RCC_GetPCLK2Freq  stm32f4xx_hal_rcc.o
    0x08001200   0x08001200   0x00000060   Code   RO          871    i.HAL_RCC_GetSysClockFreq  stm32f4xx_hal_rcc.o
    0x08001260   0x08001260   0x0000035c   Code   RO          874    i.HAL_RCC_OscConfig  stm32f4xx_hal_rcc.o
    0x080015bc   0x080015bc   0x00000028   Code   RO         1616    i.HAL_SYSTICK_Config  stm32f4xx_hal_cortex.o
    0x080015e4   0x080015e4   0x00000002   Code   RO         2670    i.HAL_TIMEx_BreakCallback  stm32f4xx_hal_tim_ex.o
    0x080015e6   0x080015e6   0x00000002   Code   RO         2671    i.HAL_TIMEx_CommutCallback  stm32f4xx_hal_tim_ex.o
    0x080015e8   0x080015e8   0x00000090   Code   RO         2688    i.HAL_TIMEx_MasterConfigSynchronization  stm32f4xx_hal_tim_ex.o
    0x08001678   0x08001678   0x00000036   Code   RO         1995    i.HAL_TIM_Base_Init  stm32f4xx_hal_tim.o
    0x080016ae   0x080016ae   0x00000002   PAD
    0x080016b0   0x080016b0   0x00000038   Code   RO          662    i.HAL_TIM_Base_MspInit  stm32f4xx_hal_msp.o
    0x080016e8   0x080016e8   0x00000022   Code   RO         2000    i.HAL_TIM_Base_Start_IT  stm32f4xx_hal_tim.o
    0x0800170a   0x0800170a   0x000000d6   Code   RO         2004    i.HAL_TIM_ConfigClockSource  stm32f4xx_hal_tim.o
    0x080017e0   0x080017e0   0x00000002   Code   RO         2024    i.HAL_TIM_IC_CaptureCallback  stm32f4xx_hal_tim.o
    0x080017e2   0x080017e2   0x00000166   Code   RO         2038    i.HAL_TIM_IRQHandler  stm32f4xx_hal_tim.o
    0x08001948   0x08001948   0x00000002   Code   RO         2041    i.HAL_TIM_OC_DelayElapsedCallback  stm32f4xx_hal_tim.o
    0x0800194a   0x0800194a   0x00000002   Code   RO         2068    i.HAL_TIM_PWM_PulseFinishedCallback  stm32f4xx_hal_tim.o
    0x0800194c   0x0800194c   0x00000002   Code   RO         2076    i.HAL_TIM_PeriodElapsedCallback  stm32f4xx_hal_tim.o
    0x0800194e   0x0800194e   0x00000002   Code   RO         2081    i.HAL_TIM_TriggerCallback  stm32f4xx_hal_tim.o
    0x08001950   0x08001950   0x00000002   Code   RO         2942    i.HAL_UART_ErrorCallback  stm32f4xx_hal_uart.o
    0x08001952   0x08001952   0x00000002   PAD
    0x08001954   0x08001954   0x00000114   Code   RO         2945    i.HAL_UART_IRQHandler  stm32f4xx_hal_uart.o
    0x08001a68   0x08001a68   0x00000062   Code   RO         2946    i.HAL_UART_Init     stm32f4xx_hal_uart.o
    0x08001aca   0x08001aca   0x00000002   PAD
    0x08001acc   0x08001acc   0x00000078   Code   RO          664    i.HAL_UART_MspInit  stm32f4xx_hal_msp.o
    0x08001b44   0x08001b44   0x00000052   Code   RO         2951    i.HAL_UART_Receive_IT  stm32f4xx_hal_uart.o
    0x08001b96   0x08001b96   0x00000002   PAD
    0x08001b98   0x08001b98   0x00000010   Code   RO          367    i.HAL_UART_RxCpltCallback  main.o
    0x08001ba8   0x08001ba8   0x000000ba   Code   RO         2954    i.HAL_UART_Transmit  stm32f4xx_hal_uart.o
    0x08001c62   0x08001c62   0x00000002   Code   RO         2957    i.HAL_UART_TxCpltCallback  stm32f4xx_hal_uart.o
    0x08001c64   0x08001c64   0x00000002   Code   RO          574    i.HardFault_Handler  stm32f4xx_it.o
    0x08001c66   0x08001c66   0x00000002   PAD
    0x08001c68   0x08001c68   0x00000090   Code   RO          368    i.MX_GPIO_Init      main.o
    0x08001cf8   0x08001cf8   0x00000064   Code   RO          424    i.MX_LWIP_Init      lwip.o
    0x08001d5c   0x08001d5c   0x0000004c   Code   RO          369    i.MX_TIM2_Init      main.o
    0x08001da8   0x08001da8   0x00000002   Code   RO          575    i.MemManage_Handler  stm32f4xx_it.o
    0x08001daa   0x08001daa   0x00000002   Code   RO          576    i.NMI_Handler       stm32f4xx_it.o
    0x08001dac   0x08001dac   0x00000002   Code   RO          577    i.PendSV_Handler    stm32f4xx_it.o
    0x08001dae   0x08001dae   0x00000002   Code   RO          578    i.SVC_Handler       stm32f4xx_it.o
    0x08001db0   0x08001db0   0x00000004   Code   RO          579    i.SysTick_Handler   stm32f4xx_it.o
    0x08001db4   0x08001db4   0x00000084   Code   RO          370    i.SystemClock_Config  main.o
    0x08001e38   0x08001e38   0x0000001c   Code   RO         3248    i.SystemInit        system_stm32f4xx.o
    0x08001e54   0x08001e54   0x0000000c   Code   RO          580    i.TIM2_IRQHandler   stm32f4xx_it.o
    0x08001e60   0x08001e60   0x000000c8   Code   RO         2083    i.TIM_Base_SetConfig  stm32f4xx_hal_tim.o
    0x08001f28   0x08001f28   0x00000014   Code   RO         2094    i.TIM_ETR_SetConfig  stm32f4xx_hal_tim.o
    0x08001f3c   0x08001f3c   0x00000010   Code   RO         2095    i.TIM_ITRx_SetConfig  stm32f4xx_hal_tim.o
    0x08001f4c   0x08001f4c   0x00000022   Code   RO         2101    i.TIM_TI1_ConfigInputStage  stm32f4xx_hal_tim.o
    0x08001f6e   0x08001f6e   0x00000024   Code   RO         2103    i.TIM_TI2_ConfigInputStage  stm32f4xx_hal_tim.o
    0x08001f92   0x08001f92   0x00000002   PAD
    0x08001f94   0x08001f94   0x00000048   Code   RO           13    i.UART6_RxCpltCallback  net.o
    0x08001fdc   0x08001fdc   0x00000010   Code   RO         2959    i.UART_DMAAbortOnError  stm32f4xx_hal_uart.o
    0x08001fec   0x08001fec   0x0000001c   Code   RO         2969    i.UART_EndRxTransfer  stm32f4xx_hal_uart.o
    0x08002008   0x08002008   0x00000096   Code   RO         2971    i.UART_Receive_IT   stm32f4xx_hal_uart.o
    0x0800209e   0x0800209e   0x00000002   PAD
    0x080020a0   0x080020a0   0x00000128   Code   RO         2972    i.UART_SetConfig    stm32f4xx_hal_uart.o
    0x080021c8   0x080021c8   0x00000062   Code   RO         2973    i.UART_Transmit_IT  stm32f4xx_hal_uart.o
    0x0800222a   0x0800222a   0x00000064   Code   RO         2974    i.UART_WaitOnFlagUntilTimeout  stm32f4xx_hal_uart.o
    0x0800228e   0x0800228e   0x00000002   PAD
    0x08002290   0x08002290   0x0000000c   Code   RO          581    i.USART6_IRQHandler  stm32f4xx_it.o
    0x0800229c   0x0800229c   0x00000002   Code   RO          582    i.UsageFault_Handler  stm32f4xx_it.o
    0x0800229e   0x0800229e   0x00000002   PAD
    0x080022a0   0x080022a0   0x00000020   Code   RO         7115    i.__0printf$3       mc_w.l(printf3.o)
    0x080022c0   0x080022c0   0x00000028   Code   RO         7117    i.__0sprintf$3      mc_w.l(printf3.o)
    0x080022e8   0x080022e8   0x00000020   Code   RO         1618    i.__NVIC_SetPriority  stm32f4xx_hal_cortex.o
    0x08002308   0x08002308   0x00000008   Code   RO         7312    i.__aeabi_errno_addr  mc_w.l(errno.o)
    0x08002310   0x08002310   0x0000000e   Code   RO         7346    i.__scatterload_copy  mc_w.l(handlers.o)
    0x0800231e   0x0800231e   0x00000002   Code   RO         7347    i.__scatterload_null  mc_w.l(handlers.o)
    0x08002320   0x08002320   0x0000000e   Code   RO         7348    i.__scatterload_zeroinit  mc_w.l(handlers.o)
    0x0800232e   0x0800232e   0x00000002   PAD
    0x08002330   0x08002330   0x000001b8   Code   RO         7122    i._printf_core      mc_w.l(printf3.o)
    0x080024e8   0x080024e8   0x0000000a   Code   RO         7124    i._sputc            mc_w.l(printf3.o)
    0x080024f2   0x080024f2   0x00000002   PAD
    0x080024f4   0x080024f4   0x0000009c   Code   RO         5994    i.dhcp_arp_reply    dhcp.o
    0x08002590   0x08002590   0x00000188   Code   RO         5995    i.dhcp_bind         dhcp.o
    0x08002718   0x08002718   0x00000034   Code   RO         5996    i.dhcp_check        dhcp.o
    0x0800274c   0x0800274c   0x000000ac   Code   RO         5998    i.dhcp_coarse_tmr   dhcp.o
    0x080027f8   0x080027f8   0x000001e4   Code   RO         5999    i.dhcp_create_msg   dhcp.o
    0x080029dc   0x080029dc   0x000000b8   Code   RO         6000    i.dhcp_dec_pcb_refcount  dhcp.o
    0x08002a94   0x08002a94   0x0000009c   Code   RO         6001    i.dhcp_decline      dhcp.o
    0x08002b30   0x08002b30   0x000000e8   Code   RO         6002    i.dhcp_discover     dhcp.o
    0x08002c18   0x08002c18   0x00000034   Code   RO         6003    i.dhcp_fine_tmr     dhcp.o
    0x08002c4c   0x08002c4c   0x00000064   Code   RO         6004    i.dhcp_handle_ack   dhcp.o
    0x08002cb0   0x08002cb0   0x000000ec   Code   RO         6005    i.dhcp_inc_pcb_refcount  dhcp.o
    0x08002d9c   0x08002d9c   0x00000098   Code   RO         6008    i.dhcp_option       dhcp.o
    0x08002e34   0x08002e34   0x000000bc   Code   RO         6009    i.dhcp_option_byte  dhcp.o
    0x08002ef0   0x08002ef0   0x000000d8   Code   RO         6010    i.dhcp_option_long  dhcp.o
    0x08002fc8   0x08002fc8   0x000000c8   Code   RO         6011    i.dhcp_option_short  dhcp.o
    0x08003090   0x08003090   0x00000020   Code   RO         6012    i.dhcp_option_trailer  dhcp.o
    0x080030b0   0x080030b0   0x00000390   Code   RO         6013    i.dhcp_parse_reply  dhcp.o
    0x08003440   0x08003440   0x000000d8   Code   RO         6014    i.dhcp_rebind       dhcp.o
    0x08003518   0x08003518   0x00000100   Code   RO         6015    i.dhcp_reboot       dhcp.o
    0x08003618   0x08003618   0x00000120   Code   RO         6016    i.dhcp_recv         dhcp.o
    0x08003738   0x08003738   0x000000bc   Code   RO         6018    i.dhcp_release_and_stop  dhcp.o
    0x080037f4   0x080037f4   0x000000d8   Code   RO         6019    i.dhcp_renew        dhcp.o
    0x080038cc   0x080038cc   0x00000200   Code   RO         6020    i.dhcp_select       dhcp.o
    0x08003acc   0x08003acc   0x00000010   Code   RO         6021    i.dhcp_set_state    dhcp.o
    0x08003adc   0x08003adc   0x00000128   Code   RO         6023    i.dhcp_start        dhcp.o
    0x08003c04   0x08003c04   0x0000001c   Code   RO         6025    i.dhcp_supplied_address  dhcp.o
    0x08003c20   0x08003c20   0x0000006c   Code   RO         6026    i.dhcp_timeout      dhcp.o
    0x08003c8c   0x08003c8c   0x0000009c   Code   RO         4583    i.do_memp_free_pool  memp.o
    0x08003d28   0x08003d28   0x000000a4   Code   RO         4584    i.do_memp_malloc_pool  memp.o
    0x08003dcc   0x08003dcc   0x0000002c   Code   RO         6201    i.etharp_cleanup_netif  etharp.o
    0x08003df8   0x08003df8   0x00000260   Code   RO         6203    i.etharp_find_entry  etharp.o
    0x08004058   0x08004058   0x00000024   Code   RO         6204    i.etharp_free_entry  etharp.o
    0x0800407c   0x0800407c   0x00000118   Code   RO         6206    i.etharp_input      etharp.o
    0x08004194   0x08004194   0x000001b0   Code   RO         6207    i.etharp_output     etharp.o
    0x08004344   0x08004344   0x00000110   Code   RO         6208    i.etharp_output_to_arp_index  etharp.o
    0x08004454   0x08004454   0x000001e8   Code   RO         6209    i.etharp_query      etharp.o
    0x0800463c   0x0800463c   0x00000174   Code   RO         6210    i.etharp_raw        etharp.o
    0x080047b0   0x080047b0   0x0000000c   Code   RO         6211    i.etharp_request    etharp.o
    0x080047bc   0x080047bc   0x00000020   Code   RO         6212    i.etharp_request_dst  etharp.o
    0x080047dc   0x080047dc   0x00000060   Code   RO         6213    i.etharp_tmr        etharp.o
    0x0800483c   0x0800483c   0x0000011c   Code   RO         6214    i.etharp_update_arp_entry  etharp.o
    0x08004958   0x08004958   0x000000a4   Code   RO         3849    i.ethernet_input    ethernet.o
    0x080049fc   0x080049fc   0x000000f8   Code   RO         3850    i.ethernet_output   ethernet.o
    0x08004af4   0x08004af4   0x00000088   Code   RO          492    i.ethernetif_init   ethernetif.o
    0x08004b7c   0x08004b7c   0x00000022   Code   RO          493    i.ethernetif_input  ethernetif.o
    0x08004b9e   0x08004b9e   0x00000012   Code   RO         7303    i.fputc             mc_w.l(fputc.o)
    0x08004bb0   0x08004bb0   0x00000008   Code   RO         6301    i.icmp_dest_unreach  icmp.o
    0x08004bb8   0x08004bb8   0x000001e8   Code   RO         6302    i.icmp_input        icmp.o
    0x08004da0   0x08004da0   0x00000110   Code   RO         6303    i.icmp_send_response  icmp.o
    0x08004eb0   0x08004eb0   0x00000008   Code   RO         6304    i.icmp_time_exceeded  icmp.o
    0x08004eb8   0x08004eb8   0x0000002e   Code   RO         6422    i.ip4_addr_isbroadcast_u32  ip4_addr.o
    0x08004ee6   0x08004ee6   0x00000002   PAD
    0x08004ee8   0x08004ee8   0x00000260   Code   RO         6491    i.ip4_frag          ip4_frag.o
    0x08005148   0x08005148   0x00000194   Code   RO         6367    i.ip4_input         ip4.o
    0x080052dc   0x080052dc   0x0000002c   Code   RO         6368    i.ip4_input_accept  ip4.o
    0x08005308   0x08005308   0x0000001e   Code   RO         6370    i.ip4_output_if     ip4.o
    0x08005326   0x08005326   0x00000002   PAD
    0x08005328   0x08005328   0x00000178   Code   RO         6371    i.ip4_output_if_src  ip4.o
    0x080054a0   0x080054a0   0x00000288   Code   RO         6492    i.ip4_reass         ip4_frag.o
    0x08005728   0x08005728   0x00000060   Code   RO         6372    i.ip4_route         ip4.o
    0x08005788   0x08005788   0x0000008e   Code   RO           14    i.ip_extract        net.o
    0x08005816   0x08005816   0x00000002   PAD
    0x08005818   0x08005818   0x00000090   Code   RO         6493    i.ip_frag_free_pbuf_custom_ref  ip4_frag.o
    0x080058a8   0x080058a8   0x00000248   Code   RO         6494    i.ip_reass_chain_frag_into_datagram_and_validate  ip4_frag.o
    0x08005af0   0x08005af0   0x000000bc   Code   RO         6495    i.ip_reass_dequeue_datagram  ip4_frag.o
    0x08005bac   0x08005bac   0x00000198   Code   RO         6496    i.ip_reass_free_complete_datagram  ip4_frag.o
    0x08005d44   0x08005d44   0x00000080   Code   RO         6497    i.ip_reass_remove_oldest_datagram  ip4_frag.o
    0x08005dc4   0x08005dc4   0x0000002c   Code   RO         6498    i.ip_reass_tmr      ip4_frag.o
    0x08005df0   0x08005df0   0x00000098   Code   RO         6499    i.ipfrag_free_pbuf_custom  ip4_frag.o
    0x08005e88   0x08005e88   0x000000f0   Code   RO          494    i.low_level_init    ethernetif.o
    0x08005f78   0x08005f78   0x000000c0   Code   RO          495    i.low_level_input   ethernetif.o
    0x08006038   0x08006038   0x000000a8   Code   RO          496    i.low_level_output  ethernetif.o
    0x080060e0   0x080060e0   0x0000003c   Code   RO         5762    i.lwip_cyclic_timer  timeouts.o
    0x0800611c   0x0800611c   0x00000004   Code   RO         4265    i.lwip_htonl        def.o
    0x08006120   0x08006120   0x00000004   Code   RO         4266    i.lwip_htons        def.o
    0x08006124   0x08006124   0x0000001e   Code   RO         4417    i.lwip_init         init.o
    0x08006142   0x08006142   0x00000002   PAD
    0x08006144   0x08006144   0x00000068   Code   RO          371    i.main              main.o
    0x080061ac   0x080061ac   0x000001a0   Code   RO         4510    i.mem_free          mem.o
    0x0800634c   0x0800634c   0x00000038   Code   RO         4511    i.mem_init          mem.o
    0x08006384   0x08006384   0x0000023c   Code   RO         4512    i.mem_malloc        mem.o
    0x080065c0   0x080065c0   0x00000010   Code   RO         4513    i.mem_to_ptr        mem.o
    0x080065d0   0x080065d0   0x000001c4   Code   RO         4514    i.mem_trim          mem.o
    0x08006794   0x08006794   0x0000009c   Code   RO         4585    i.memp_free         memp.o
    0x08006830   0x08006830   0x00000020   Code   RO         4587    i.memp_init         memp.o
    0x08006850   0x08006850   0x0000002a   Code   RO         4588    i.memp_init_pool    memp.o
    0x0800687a   0x0800687a   0x00000002   PAD
    0x0800687c   0x0800687c   0x000000a4   Code   RO         4589    i.memp_malloc       memp.o
    0x08006920   0x08006920   0x00000104   Code   RO           15    i.net_cmd           net.o
    0x08006a24   0x08006a24   0x00000014   Code   RO           16    i.net_ini           net.o
    0x08006a38   0x08006a38   0x000001d8   Code   RO         4717    i.netif_add         netif.o
    0x08006c10   0x08006c10   0x00000016   Code   RO         4719    i.netif_do_ip_addr_changed  netif.o
    0x08006c26   0x08006c26   0x00000016   Code   RO         4720    i.netif_do_set_gw   netif.o
    0x08006c3c   0x08006c3c   0x000000c4   Code   RO         4721    i.netif_do_set_ipaddr  netif.o
    0x08006d00   0x08006d00   0x00000016   Code   RO         4722    i.netif_do_set_netmask  netif.o
    0x08006d16   0x08006d16   0x00000002   PAD
    0x08006d18   0x08006d18   0x00000028   Code   RO         4724    i.netif_get_by_index  netif.o
    0x08006d40   0x08006d40   0x00000002   Code   RO         4726    i.netif_init        netif.o
    0x08006d42   0x08006d42   0x00000002   PAD
    0x08006d44   0x08006d44   0x000000c0   Code   RO         4728    i.netif_issue_reports  netif.o
    0x08006e04   0x08006e04   0x00000006   Code   RO         4730    i.netif_null_output_ip4  netif.o
    0x08006e0a   0x08006e0a   0x00000002   PAD
    0x08006e0c   0x08006e0c   0x00000060   Code   RO         4732    i.netif_set_addr    netif.o
    0x08006e6c   0x08006e6c   0x0000000c   Code   RO         4733    i.netif_set_default  netif.o
    0x08006e78   0x08006e78   0x000000a8   Code   RO         4734    i.netif_set_down    netif.o
    0x08006f20   0x08006f20   0x000000a0   Code   RO         4740    i.netif_set_up      netif.o
    0x08006fc0   0x08006fc0   0x00000006   Code   RO         4899    i.pbuf_add_header   pbuf.o
    0x08006fc6   0x08006fc6   0x00000002   PAD
    0x08006fc8   0x08006fc8   0x000000c0   Code   RO         4901    i.pbuf_add_header_impl  pbuf.o
    0x08007088   0x08007088   0x00000234   Code   RO         4902    i.pbuf_alloc        pbuf.o
    0x080072bc   0x080072bc   0x000000b0   Code   RO         4903    i.pbuf_alloc_reference  pbuf.o
    0x0800736c   0x0800736c   0x00000036   Code   RO         4904    i.pbuf_alloced_custom  pbuf.o
    0x080073a2   0x080073a2   0x00000002   PAD
    0x080073a4   0x080073a4   0x00000130   Code   RO         4905    i.pbuf_cat          pbuf.o
    0x080074d4   0x080074d4   0x00000012   Code   RO         4906    i.pbuf_chain        pbuf.o
    0x080074e6   0x080074e6   0x00000012   Code   RO         4907    i.pbuf_clen         pbuf.o
    0x080074f8   0x080074f8   0x0000009c   Code   RO         4908    i.pbuf_clone        pbuf.o
    0x08007594   0x08007594   0x000001e0   Code   RO         4910    i.pbuf_copy         pbuf.o
    0x08007774   0x08007774   0x00000118   Code   RO         4911    i.pbuf_copy_partial  pbuf.o
    0x0800788c   0x0800788c   0x00000154   Code   RO         4913    i.pbuf_free         pbuf.o
    0x080079e0   0x080079e0   0x00000024   Code   RO         4915    i.pbuf_free_ooseq   pbuf.o
    0x08007a04   0x08007a04   0x00000006   Code   RO         4919    i.pbuf_header_force  pbuf.o
    0x08007a0a   0x08007a0a   0x0000000e   Code   RO         4920    i.pbuf_header_impl  pbuf.o
    0x08007a18   0x08007a18   0x0000001c   Code   RO         4921    i.pbuf_init_alloced_pbuf  pbuf.o
    0x08007a34   0x08007a34   0x00000134   Code   RO         4925    i.pbuf_realloc      pbuf.o
    0x08007b68   0x08007b68   0x0000008c   Code   RO         4926    i.pbuf_ref          pbuf.o
    0x08007bf4   0x08007bf4   0x000000d0   Code   RO         4927    i.pbuf_remove_header  pbuf.o
    0x08007cc4   0x08007cc4   0x00000178   Code   RO         4931    i.pbuf_take         pbuf.o
    0x08007e3c   0x08007e3c   0x000001a0   Code   RO         4515    i.plug_holes        mem.o
    0x08007fdc   0x08007fdc   0x0000001a   Code   RO           17    i.port_extract      net.o
    0x08007ff6   0x08007ff6   0x00000002   PAD
    0x08007ff8   0x08007ff8   0x0000000c   Code   RO         4516    i.ptr_to_mem        mem.o
    0x08008004   0x08008004   0x0000003c   Code   RO           18    i.sendstring        net.o
    0x08008040   0x08008040   0x00000090   Code   RO           19    i.string_parse      net.o
    0x080080d0   0x080080d0   0x00000054   Code   RO         5763    i.sys_check_timeouts  timeouts.o
    0x08008124   0x08008124   0x00000004   Code   RO          498    i.sys_now           ethernetif.o
    0x08008128   0x08008128   0x000000c4   Code   RO         5765    i.sys_timeout       timeouts.o
    0x080081ec   0x080081ec   0x000000f8   Code   RO         5766    i.sys_timeout_abs   timeouts.o
    0x080082e4   0x080082e4   0x00000028   Code   RO         5767    i.sys_timeouts_init  timeouts.o
    0x0800830c   0x0800830c   0x000001ac   Code   RO         5196    i.tcp_abandon       tcp.o
    0x080084b8   0x080084b8   0x00000006   Code   RO         5197    i.tcp_abort         tcp.o
    0x080084be   0x080084be   0x00000002   PAD
    0x080084c0   0x080084c0   0x00000128   Code   RO         5200    i.tcp_alloc         tcp.o
    0x080085e8   0x080085e8   0x00000008   Code   RO         5201    i.tcp_arg           tcp.o
    0x080085f0   0x080085f0   0x00000058   Code   RO           20    i.tcp_client_connect  net.o
    0x08008648   0x08008648   0x0000009c   Code   RO           21    i.tcp_client_connected  net.o
    0x080086e4   0x080086e4   0x00000030   Code   RO           22    i.tcp_client_connection_close  net.o
    0x08008714   0x08008714   0x00000038   Code   RO           23    i.tcp_client_poll   net.o
    0x0800874c   0x0800874c   0x00000002   Code   RO           24    i.tcp_client_recv   net.o
    0x0800874e   0x0800874e   0x0000003e   Code   RO           25    i.tcp_client_send   net.o
    0x0800878c   0x0800878c   0x00000014   Code   RO           26    i.tcp_client_sent   net.o
    0x080087a0   0x080087a0   0x000000a0   Code   RO         5204    i.tcp_close         tcp.o
    0x08008840   0x08008840   0x000001dc   Code   RO         5205    i.tcp_close_shutdown  tcp.o
    0x08008a1c   0x08008a1c   0x000000c4   Code   RO         5206    i.tcp_close_shutdown_fin  tcp.o
    0x08008ae0   0x08008ae0   0x000001e4   Code   RO         5207    i.tcp_connect       tcp.o
    0x08008cc4   0x08008cc4   0x00000180   Code   RO         5602    i.tcp_create_segment  tcp_out.o
    0x08008e44   0x08008e44   0x000000b8   Code   RO         5209    i.tcp_eff_send_mss_netif  tcp.o
    0x08008efc   0x08008efc   0x00000234   Code   RO         5603    i.tcp_enqueue_flags  tcp_out.o
    0x08009130   0x08009130   0x0000006c   Code   RO         5211    i.tcp_fasttmr       tcp.o
    0x0800919c   0x0800919c   0x00000090   Code   RO         5212    i.tcp_free          tcp.o
    0x0800922c   0x0800922c   0x0000013c   Code   RO         5513    i.tcp_free_acked_segments  tcp_in.o
    0x08009368   0x08009368   0x00000014   Code   RO         5213    i.tcp_free_ooseq    tcp.o
    0x0800937c   0x0800937c   0x00000028   Code   RO         5514    i.tcp_get_next_optbyte  tcp_in.o
    0x080093a4   0x080093a4   0x00000018   Code   RO         5214    i.tcp_init          tcp.o
    0x080093bc   0x080093bc   0x00000650   Code   RO         5515    i.tcp_input         tcp_in.o
    0x08009a0c   0x08009a0c   0x000000d4   Code   RO         5516    i.tcp_input_delayed_close  tcp_in.o
    0x08009ae0   0x08009ae0   0x000000cc   Code   RO         5604    i.tcp_keepalive     tcp_out.o
    0x08009bac   0x08009bac   0x000000bc   Code   RO         5215    i.tcp_kill_state    tcp.o
    0x08009c68   0x08009c68   0x00000070   Code   RO         5216    i.tcp_listen_closed  tcp.o
    0x08009cd8   0x08009cd8   0x00000198   Code   RO         5517    i.tcp_listen_input  tcp_in.o
    0x08009e70   0x08009e70   0x0000004c   Code   RO         5219    i.tcp_netif_ip_addr_changed  tcp.o
    0x08009ebc   0x08009ebc   0x000000c0   Code   RO         5220    i.tcp_netif_ip_addr_changed_pcblist  tcp.o
    0x08009f7c   0x08009f7c   0x00000006   Code   RO         5221    i.tcp_new           tcp.o
    0x08009f82   0x08009f82   0x00000002   PAD
    0x08009f84   0x08009f84   0x00000060   Code   RO         5223    i.tcp_new_port      tcp.o
    0x08009fe4   0x08009fe4   0x00000098   Code   RO         5224    i.tcp_next_iss      tcp.o
    0x0800a07c   0x0800a07c   0x0000010c   Code   RO         5518    i.tcp_oos_insert_segment  tcp_in.o
    0x0800a188   0x0800a188   0x000002e0   Code   RO         5605    i.tcp_output        tcp_out.o
    0x0800a468   0x0800a468   0x000000cc   Code   RO         5606    i.tcp_output_alloc_header  tcp_out.o
    0x0800a534   0x0800a534   0x00000110   Code   RO         5607    i.tcp_output_alloc_header_common  tcp_out.o
    0x0800a644   0x0800a644   0x000000e0   Code   RO         5608    i.tcp_output_control_segment  tcp_out.o
    0x0800a724   0x0800a724   0x000000d8   Code   RO         5609    i.tcp_output_fill_options  tcp_out.o
    0x0800a7fc   0x0800a7fc   0x000001dc   Code   RO         5610    i.tcp_output_segment  tcp_out.o
    0x0800a9d8   0x0800a9d8   0x000000a8   Code   RO         5611    i.tcp_output_segment_busy  tcp_out.o
    0x0800aa80   0x0800aa80   0x000000fc   Code   RO         5519    i.tcp_parseopt      tcp_in.o
    0x0800ab7c   0x0800ab7c   0x00000150   Code   RO         5612    i.tcp_pbuf_prealloc  tcp_out.o
    0x0800accc   0x0800accc   0x000000cc   Code   RO         5225    i.tcp_pcb_purge     tcp.o
    0x0800ad98   0x0800ad98   0x00000190   Code   RO         5226    i.tcp_pcb_remove    tcp.o
    0x0800af28   0x0800af28   0x000000cc   Code   RO         5227    i.tcp_poll          tcp.o
    0x0800aff4   0x0800aff4   0x000004c2   Code   RO         5520    i.tcp_process       tcp_in.o
    0x0800b4b6   0x0800b4b6   0x00000002   PAD
    0x0800b4b8   0x0800b4b8   0x00000104   Code   RO         5228    i.tcp_process_refused_data  tcp.o
    0x0800b5bc   0x0800b5bc   0x00000904   Code   RO         5521    i.tcp_receive       tcp_in.o
    0x0800bec0   0x0800bec0   0x000000a4   Code   RO         5229    i.tcp_recv          tcp.o
    0x0800bf64   0x0800bf64   0x000000b0   Code   RO         5230    i.tcp_recv_null     tcp.o
    0x0800c014   0x0800c014   0x00000100   Code   RO         5231    i.tcp_recved        tcp.o
    0x0800c114   0x0800c114   0x00000058   Code   RO         5232    i.tcp_remove_listener  tcp.o
    0x0800c16c   0x0800c16c   0x000000ec   Code   RO         5613    i.tcp_rexmit        tcp_out.o
    0x0800c258   0x0800c258   0x000000e8   Code   RO         5614    i.tcp_rexmit_fast   tcp_out.o
    0x0800c340   0x0800c340   0x000000a4   Code   RO         5615    i.tcp_rexmit_rto    tcp_out.o
    0x0800c3e4   0x0800c3e4   0x000000ac   Code   RO         5616    i.tcp_rexmit_rto_commit  tcp_out.o
    0x0800c490   0x0800c490   0x000000f8   Code   RO         5617    i.tcp_rexmit_rto_prepare  tcp_out.o
    0x0800c588   0x0800c588   0x00000010   Code   RO         5618    i.tcp_route         tcp_out.o
    0x0800c598   0x0800c598   0x00000114   Code   RO         5619    i.tcp_rst           tcp_out.o
    0x0800c6ac   0x0800c6ac   0x000000ac   Code   RO         5233    i.tcp_seg_copy      tcp.o
    0x0800c758   0x0800c758   0x0000001c   Code   RO         5234    i.tcp_seg_free      tcp.o
    0x0800c774   0x0800c774   0x00000012   Code   RO         5235    i.tcp_segs_free     tcp.o
    0x0800c786   0x0800c786   0x00000002   PAD
    0x0800c788   0x0800c788   0x000000ec   Code   RO         5620    i.tcp_send_empty_ack  tcp_out.o
    0x0800c874   0x0800c874   0x000000cc   Code   RO         5621    i.tcp_send_fin      tcp_out.o
    0x0800c940   0x0800c940   0x000000a4   Code   RO         5236    i.tcp_sent          tcp.o
    0x0800c9e4   0x0800c9e4   0x000005d0   Code   RO         5239    i.tcp_slowtmr       tcp.o
    0x0800cfb4   0x0800cfb4   0x0000022c   Code   RO         5622    i.tcp_split_unsent_seg  tcp_out.o
    0x0800d1e0   0x0800d1e0   0x00000034   Code   RO         5770    i.tcp_timer_needed  timeouts.o
    0x0800d214   0x0800d214   0x00000100   Code   RO         5522    i.tcp_timewait_input  tcp_in.o
    0x0800d314   0x0800d314   0x00000020   Code   RO         5241    i.tcp_tmr           tcp.o
    0x0800d334   0x0800d334   0x00000010   Code   RO         5523    i.tcp_trigger_input_pcb_close  tcp_in.o
    0x0800d344   0x0800d344   0x000000f4   Code   RO         5243    i.tcp_update_rcv_ann_wnd  tcp.o
    0x0800d438   0x0800d438   0x000006b8   Code   RO         5623    i.tcp_write         tcp_out.o
    0x0800daf0   0x0800daf0   0x00000174   Code   RO         5624    i.tcp_write_checks  tcp_out.o
    0x0800dc64   0x0800dc64   0x00000140   Code   RO         5625    i.tcp_zero_window_probe  tcp_out.o
    0x0800dda4   0x0800dda4   0x00000038   Code   RO         5771    i.tcpip_tcp_timer   timeouts.o
    0x0800dddc   0x0800dddc   0x00000134   Code   RO         5851    i.udp_bind          udp.o
    0x0800df10   0x0800df10   0x00000100   Code   RO         5853    i.udp_connect       udp.o
    0x0800e010   0x0800e010   0x00000018   Code   RO         5855    i.udp_init          udp.o
    0x0800e028   0x0800e028   0x000001e8   Code   RO         5856    i.udp_input         udp.o
    0x0800e210   0x0800e210   0x0000010c   Code   RO         5857    i.udp_input_local_match  udp.o
    0x0800e31c   0x0800e31c   0x00000034   Code   RO         5858    i.udp_netif_ip_addr_changed  udp.o
    0x0800e350   0x0800e350   0x0000001a   Code   RO         5859    i.udp_new           udp.o
    0x0800e36a   0x0800e36a   0x00000002   PAD
    0x0800e36c   0x0800e36c   0x00000088   Code   RO         5861    i.udp_recv          udp.o
    0x0800e3f4   0x0800e3f4   0x000000b0   Code   RO         5862    i.udp_remove        udp.o
    0x0800e4a4   0x0800e4a4   0x00000140   Code   RO         5865    i.udp_sendto_if     udp.o
    0x0800e5e4   0x0800e5e4   0x00000248   Code   RO         5866    i.udp_sendto_if_src  udp.o
    0x0800e82c   0x0800e82c   0x00000010   Data   RO         3249    .constdata          system_stm32f4xx.o
    0x0800e83c   0x0800e83c   0x00000008   Data   RO         3250    .constdata          system_stm32f4xx.o
    0x0800e844   0x0800e844   0x00000006   Data   RO         3851    .constdata          ethernet.o
    0x0800e84a   0x0800e84a   0x00000006   Data   RO         3852    .constdata          ethernet.o
    0x0800e850   0x0800e850   0x0000000c   Data   RO         4600    .constdata          memp.o
    0x0800e85c   0x0800e85c   0x0000000c   Data   RO         4601    .constdata          memp.o
    0x0800e868   0x0800e868   0x0000000c   Data   RO         4602    .constdata          memp.o
    0x0800e874   0x0800e874   0x0000000c   Data   RO         4603    .constdata          memp.o
    0x0800e880   0x0800e880   0x0000000c   Data   RO         4604    .constdata          memp.o
    0x0800e88c   0x0800e88c   0x0000000c   Data   RO         4605    .constdata          memp.o
    0x0800e898   0x0800e898   0x0000000c   Data   RO         4606    .constdata          memp.o
    0x0800e8a4   0x0800e8a4   0x0000000c   Data   RO         4607    .constdata          memp.o
    0x0800e8b0   0x0800e8b0   0x0000000c   Data   RO         4608    .constdata          memp.o
    0x0800e8bc   0x0800e8bc   0x00000024   Data   RO         4609    .constdata          memp.o
    0x0800e8e0   0x0800e8e0   0x00000054   Data   RO         5244    .constdata          tcp.o
    0x0800e934   0x0800e934   0x00000028   Data   RO         5772    .constdata          timeouts.o
    0x0800e95c   0x0800e95c   0x00000004   Data   RO         6429    .constdata          ip4_addr.o
    0x0800e960   0x0800e960   0x00000004   Data   RO         6430    .constdata          ip4_addr.o
    0x0800e964   0x0800e964   0x00000081   Data   RO         6976    .constdata          mc_w.l(ctype_o.o)
    0x0800e9e5   0x0800e9e5   0x00000003   PAD
    0x0800e9e8   0x0800e9e8   0x00000004   Data   RO         6977    .constdata          mc_w.l(ctype_o.o)
    0x0800e9ec   0x0800e9ec   0x00000075   Data   RO         5245    .conststring        tcp.o
    0x0800ea61   0x0800ea61   0x00000003   PAD
    0x0800ea64   0x0800ea64   0x00000055   Data   RO         5626    .conststring        tcp_out.o
    0x0800eab9   0x0800eab9   0x00000003   PAD
    0x0800eabc   0x0800eabc   0x00000042   Data   RO         6028    .conststring        dhcp.o
    0x0800eafe   0x0800eafe   0x00000002   PAD
    0x0800eb00   0x0800eb00   0x00000041   Data   RO         6216    .conststring        etharp.o
    0x0800eb41   0x0800eb41   0x00000003   PAD
    0x0800eb44   0x0800eb44   0x00000020   Data   RO         7344    Region$$Table       anon$$obj.o


    Execution Region RW_IRAM2 (Exec base: 0x10000000, Load base: 0x0800ec50, Size: 0x00000000, Max: 0x00010000, ABSOLUTE)

    **** No section assigned to this execution region ****


    Execution Region RW_IRAM1 (Exec base: 0x20000000, Load base: 0x0800eb64, Size: 0x0000a9f8, Max: 0x00020000, ABSOLUTE)

    Exec Addr    Load Addr    Size         Type   Attr      Idx    E Section Name        Object

    0x20000000   0x0800eb64   0x0000000c   Data   RW           29    .data               net.o
    0x2000000c   0x0800eb70   0x0000000c   Data   RW          433    .data               lwip.o
    0x20000018   0x0800eb7c   0x0000000c   Data   RW         1762    .data               stm32f4xx_hal.o
    0x20000024   0x0800eb88   0x00000004   Data   RW         3251    .data               system_stm32f4xx.o
    0x20000028   0x0800eb8c   0x0000000c   Data   RW         4518    .data               mem.o
    0x20000034   0x0800eb98   0x00000004   Data   RW         4610    .data               memp.o
    0x20000038   0x0800eb9c   0x00000004   Data   RW         4611    .data               memp.o
    0x2000003c   0x0800eba0   0x00000004   Data   RW         4612    .data               memp.o
    0x20000040   0x0800eba4   0x00000004   Data   RW         4613    .data               memp.o
    0x20000044   0x0800eba8   0x00000004   Data   RW         4614    .data               memp.o
    0x20000048   0x0800ebac   0x00000004   Data   RW         4615    .data               memp.o
    0x2000004c   0x0800ebb0   0x00000004   Data   RW         4616    .data               memp.o
    0x20000050   0x0800ebb4   0x00000004   Data   RW         4617    .data               memp.o
    0x20000054   0x0800ebb8   0x00000004   Data   RW         4618    .data               memp.o
    0x20000058   0x0800ebbc   0x0000000c   Data   RW         4741    .data               netif.o
    0x20000064   0x0800ebc8   0x00000001   Data   RW         4934    .data               pbuf.o
    0x20000065   0x0800ebc9   0x00000003   PAD
    0x20000068   0x0800ebcc   0x00000020   Data   RW         5246    .data               tcp.o
    0x20000088   0x0800ebec   0x00000024   Data   RW         5525    .data               tcp_in.o
    0x200000ac   0x0800ec10   0x0000000c   Data   RW         5774    .data               timeouts.o
    0x200000b8   0x0800ec1c   0x00000008   Data   RW         5867    .data               udp.o
    0x200000c0   0x0800ec24   0x00000014   Data   RW         6029    .data               dhcp.o
    0x200000d4   0x0800ec38   0x00000001   Data   RW         6217    .data               etharp.o
    0x200000d5   0x0800ec39   0x00000001   PAD
    0x200000d6   0x0800ec3a   0x00000002   Data   RW         6373    .data               ip4.o
    0x200000d8   0x0800ec3c   0x00000008   Data   RW         6500    .data               ip4_frag.o
    0x200000e0   0x0800ec44   0x00000004   Data   RW         7004    .data               mc_w.l(rand.o)
    0x200000e4   0x0800ec48   0x00000004   Data   RW         7305    .data               mc_w.l(stdout.o)
    0x200000e8   0x0800ec4c   0x00000004   Data   RW         7315    .data               mc_w.l(errno.o)
    0x200000ec        -       0x00000103   Zero   RW           27    .bss                net.o
    0x200001ef   0x0800ec50   0x00000001   PAD
    0x200001f0        -       0x00000080   Zero   RW          372    .bss                main.o
    0x20000270        -       0x00000034   Zero   RW          430    .bss                lwip.o
    0x200002a4        -       0x000030e8   Zero   RW          499    .bss                ethernetif.o
    0x2000338c        -       0x00000018   Zero   RW         4478    .bss                ip.o
    0x200033a4        -       0x00000653   Zero   RW         4517    .bss                mem.o
    0x200039f7        -       0x00000083   Zero   RW         4591    .bss                memp.o
    0x20003a7a        -       0x0000030f   Zero   RW         4592    .bss                memp.o
    0x20003d89        -       0x000000e3   Zero   RW         4593    .bss                memp.o
    0x20003e6c        -       0x00000103   Zero   RW         4594    .bss                memp.o
    0x20003f6f        -       0x000000a3   Zero   RW         4595    .bss                memp.o
    0x20004012        -       0x0000016b   Zero   RW         4596    .bss                memp.o
    0x2000417d        -       0x00000053   Zero   RW         4597    .bss                memp.o
    0x200041d0        -       0x00000103   Zero   RW         4598    .bss                memp.o
    0x200042d3        -       0x00002603   Zero   RW         4599    .bss                memp.o
    0x200068d6   0x0800ec50   0x00000002   PAD
    0x200068d8        -       0x00000010   Zero   RW         5524    .bss                tcp_in.o
    0x200068e8        -       0x00000020   Zero   RW         6027    .bss                dhcp.o
    0x20006908        -       0x000000f0   Zero   RW         6215    .bss                etharp.o
    0x200069f8        -       0x00004000   Zero   RW            1    STACK               startup_stm32f407xx.o

